                                      1 ;--------------------------------------------------------
                                      2 ; File Created by SDCC : free open source ANSI-C Compiler
                                      3 ; Version 3.8.0 #10562 (Linux)
                                      4 ;--------------------------------------------------------
                                      5 	.module main
                                      6 	.optsdcc -mstm8
                                      7 	
                                      8 ;--------------------------------------------------------
                                      9 ; Public variables in this module
                                     10 ;--------------------------------------------------------
                                     11 	.globl _main
                                     12 	.globl _printf
                                     13 	.globl _UART1_GetFlagStatus
                                     14 	.globl _UART1_SendData8
                                     15 	.globl _UART1_ReceiveData8
                                     16 	.globl _UART1_Init
                                     17 	.globl _UART1_DeInit
                                     18 	.globl _TIM4_ClearFlag
                                     19 	.globl _TIM4_ITConfig
                                     20 	.globl _TIM4_Cmd
                                     21 	.globl _TIM4_TimeBaseInit
                                     22 	.globl _TIM4_DeInit
                                     23 	.globl _GPIO_WriteReverse
                                     24 	.globl _GPIO_WriteHigh
                                     25 	.globl _GPIO_Init
                                     26 	.globl _CLK_HSIPrescalerConfig
                                     27 	.globl _CLK_PeripheralClockConfig
                                     28 	.globl _g_count1ms
                                     29 	.globl _g_flag1ms
                                     30 	.globl _putchar
                                     31 	.globl _getchar
                                     32 	.globl _assert_failed
                                     33 ;--------------------------------------------------------
                                     34 ; ram data
                                     35 ;--------------------------------------------------------
                                     36 	.area DATA
                                     37 ;--------------------------------------------------------
                                     38 ; ram data
                                     39 ;--------------------------------------------------------
                                     40 	.area INITIALIZED
      000000                         41 _g_flag1ms::
      000000                         42 	.ds 1
      000001                         43 _g_count1ms::
      000001                         44 	.ds 4
                                     45 ;--------------------------------------------------------
                                     46 ; Stack segment in internal ram 
                                     47 ;--------------------------------------------------------
                                     48 	.area	SSEG
      000000                         49 __start__stack:
      000000                         50 	.ds	1
                                     51 
                                     52 ;--------------------------------------------------------
                                     53 ; absolute external ram data
                                     54 ;--------------------------------------------------------
                                     55 	.area DABS (ABS)
                                     56 
                                     57 ; default segment ordering for linker
                                     58 	.area HOME
                                     59 	.area GSINIT
                                     60 	.area GSFINAL
                                     61 	.area CONST
                                     62 	.area INITIALIZER
                                     63 	.area CODE
                                     64 
                                     65 ;--------------------------------------------------------
                                     66 ; interrupt vector 
                                     67 ;--------------------------------------------------------
                                     68 	.area HOME
      000000                         69 __interrupt_vect:
      000000 82v00u00u00             70 	int s_GSINIT ; reset
      000004 82v00u00u00             71 	int _TRAP_IRQHandler ; trap
      000008 82v00u00u00             72 	int _TLI_IRQHandler ; int0
      00000C 82v00u00u00             73 	int _AWU_IRQHandler ; int1
      000010 82v00u00u00             74 	int _CLK_IRQHandler ; int2
      000014 82v00u00u00             75 	int _EXTI_PORTA_IRQHandler ; int3
      000018 82v00u00u00             76 	int _EXTI_PORTB_IRQHandler ; int4
      00001C 82v00u00u00             77 	int _EXTI_PORTC_IRQHandler ; int5
      000020 82v00u00u00             78 	int _EXTI_PORTD_IRQHandler ; int6
      000024 82v00u00u00             79 	int _EXTI_PORTE_IRQHandler ; int7
      000028 82 00 00 00             80 	int 0x000000 ; int8
      00002C 82 00 00 00             81 	int 0x000000 ; int9
      000030 82v00u00u00             82 	int _SPI_IRQHandler ; int10
      000034 82v00u00u00             83 	int _TIM1_UPD_OVF_TRG_BRK_IRQHandler ; int11
      000038 82v00u00u00             84 	int _TIM1_CAP_COM_IRQHandler ; int12
      00003C 82v00u00u00             85 	int _TIM2_UPD_OVF_BRK_IRQHandler ; int13
      000040 82v00u00u00             86 	int _TIM2_CAP_COM_IRQHandler ; int14
      000044 82 00 00 00             87 	int 0x000000 ; int15
      000048 82 00 00 00             88 	int 0x000000 ; int16
      00004C 82v00u00u00             89 	int _UART1_TX_IRQHandler ; int17
      000050 82v00u00u00             90 	int _UART1_RX_IRQHandler ; int18
      000054 82v00u00u00             91 	int _I2C_IRQHandler ; int19
      000058 82 00 00 00             92 	int 0x000000 ; int20
      00005C 82 00 00 00             93 	int 0x000000 ; int21
      000060 82v00u00u00             94 	int _ADC1_IRQHandler ; int22
      000064 82v00u00u00             95 	int _TIM4_UPD_OVF_IRQHandler ; int23
      000068 82v00u00u00             96 	int _EEPROM_EEC_IRQHandler ; int24
                                     97 ;--------------------------------------------------------
                                     98 ; global & static initialisations
                                     99 ;--------------------------------------------------------
                                    100 	.area HOME
                                    101 	.area GSINIT
                                    102 	.area GSFINAL
                                    103 	.area GSINIT
      000000                        104 __sdcc_gs_init_startup:
      000000                        105 __sdcc_init_data:
                                    106 ; stm8_genXINIT() start
      000000 AEr00r00         [ 2]  107 	ldw x, #l_DATA
      000003 27 07            [ 1]  108 	jreq	00002$
      000005                        109 00001$:
      000005 72 4FuFFuFF      [ 1]  110 	clr (s_DATA - 1, x)
      000009 5A               [ 2]  111 	decw x
      00000A 26 F9            [ 1]  112 	jrne	00001$
      00000C                        113 00002$:
      00000C AEr00r00         [ 2]  114 	ldw	x, #l_INITIALIZER
      00000F 27 09            [ 1]  115 	jreq	00004$
      000011                        116 00003$:
      000011 D6uFFuFF         [ 1]  117 	ld	a, (s_INITIALIZER - 1, x)
      000014 D7uFFuFF         [ 1]  118 	ld	(s_INITIALIZED - 1, x), a
      000017 5A               [ 2]  119 	decw	x
      000018 26 F7            [ 1]  120 	jrne	00003$
      00001A                        121 00004$:
                                    122 ; stm8_genXINIT() end
                                    123 	.area GSFINAL
      000000 CCr00r6C         [ 2]  124 	jp	__sdcc_program_startup
                                    125 ;--------------------------------------------------------
                                    126 ; Home
                                    127 ;--------------------------------------------------------
                                    128 	.area HOME
                                    129 	.area HOME
      00006C                        130 __sdcc_program_startup:
      00006C CCr00r00         [ 2]  131 	jp	_main
                                    132 ;	return from main will return to caller
                                    133 ;--------------------------------------------------------
                                    134 ; code
                                    135 ;--------------------------------------------------------
                                    136 	.area CODE
                                    137 ;	../main.c: 68: void main(void)
                                    138 ;	-----------------------------------------
                                    139 ;	 function main
                                    140 ;	-----------------------------------------
      000000                        141 _main:
                                    142 ;	../main.c: 75: CLK_HSIPrescalerConfig(CLK_PRESCALER_HSIDIV1);
      000000 4B 00            [ 1]  143 	push	#0x00
      000002 CDr00r00         [ 4]  144 	call	_CLK_HSIPrescalerConfig
      000005 84               [ 1]  145 	pop	a
                                    146 ;	../main.c: 78: CLK_PeripheralClockConfig(CLK_PERIPHERAL_TIMER4, ENABLE);
      000006 4B 01            [ 1]  147 	push	#0x01
      000008 4B 04            [ 1]  148 	push	#0x04
      00000A CDr00r00         [ 4]  149 	call	_CLK_PeripheralClockConfig
      00000D 85               [ 2]  150 	popw	x
                                    151 ;	../main.c: 82: GPIO_Init(GPIOD, (GPIO_Pin_TypeDef)GPIO_PIN_3, GPIO_MODE_OUT_PP_LOW_FAST);
      00000E 4B E0            [ 1]  152 	push	#0xe0
      000010 4B 08            [ 1]  153 	push	#0x08
      000012 4B 0F            [ 1]  154 	push	#0x0f
      000014 4B 50            [ 1]  155 	push	#0x50
      000016 CDr00r00         [ 4]  156 	call	_GPIO_Init
      000019 5B 04            [ 2]  157 	addw	sp, #4
                                    158 ;	../main.c: 83: GPIO_WriteHigh(GPIOD, (GPIO_Pin_TypeDef)GPIO_PIN_3);
      00001B 4B 08            [ 1]  159 	push	#0x08
      00001D 4B 0F            [ 1]  160 	push	#0x0f
      00001F 4B 50            [ 1]  161 	push	#0x50
      000021 CDr00r00         [ 4]  162 	call	_GPIO_WriteHigh
      000024 5B 03            [ 2]  163 	addw	sp, #3
                                    164 ;	../main.c: 92: TIM4_DeInit();
      000026 CDr00r00         [ 4]  165 	call	_TIM4_DeInit
                                    166 ;	../main.c: 93: TIM4_TimeBaseInit(TIM4_PRESCALER_128, 124);
      000029 4B 7C            [ 1]  167 	push	#0x7c
      00002B 4B 07            [ 1]  168 	push	#0x07
      00002D CDr00r00         [ 4]  169 	call	_TIM4_TimeBaseInit
      000030 85               [ 2]  170 	popw	x
                                    171 ;	../main.c: 94: TIM4_ClearFlag(TIM4_FLAG_UPDATE);
      000031 4B 01            [ 1]  172 	push	#0x01
      000033 CDr00r00         [ 4]  173 	call	_TIM4_ClearFlag
      000036 84               [ 1]  174 	pop	a
                                    175 ;	../main.c: 95: TIM4_ITConfig(TIM4_IT_UPDATE, ENABLE);
      000037 4B 01            [ 1]  176 	push	#0x01
      000039 4B 01            [ 1]  177 	push	#0x01
      00003B CDr00r00         [ 4]  178 	call	_TIM4_ITConfig
      00003E 85               [ 2]  179 	popw	x
                                    180 ;	../main.c: 96: TIM4_Cmd(ENABLE);
      00003F 4B 01            [ 1]  181 	push	#0x01
      000041 CDr00r00         [ 4]  182 	call	_TIM4_Cmd
      000044 84               [ 1]  183 	pop	a
                                    184 ;	../main.c: 99: UART1_DeInit();
      000045 CDr00r00         [ 4]  185 	call	_UART1_DeInit
                                    186 ;	../main.c: 100: UART1_Init((uint32_t)115200, UART1_WORDLENGTH_8D, UART1_STOPBITS_1, UART1_PARITY_NO,
      000048 4B 0C            [ 1]  187 	push	#0x0c
      00004A 4B 80            [ 1]  188 	push	#0x80
      00004C 4B 00            [ 1]  189 	push	#0x00
      00004E 4B 00            [ 1]  190 	push	#0x00
      000050 4B 00            [ 1]  191 	push	#0x00
      000052 4B 00            [ 1]  192 	push	#0x00
      000054 4B C2            [ 1]  193 	push	#0xc2
      000056 4B 01            [ 1]  194 	push	#0x01
      000058 4B 00            [ 1]  195 	push	#0x00
      00005A CDr00r00         [ 4]  196 	call	_UART1_Init
      00005D 5B 09            [ 2]  197 	addw	sp, #9
                                    198 ;	../main.c: 110: enableInterrupts();
      00005F 9A               [ 1]  199 	rim
                                    200 ;	../main.c: 113: while (1)
      000060                        201 00108$:
                                    202 ;	../main.c: 116: if (UART1_GetFlagStatus(UART1_FLAG_RXNE))
      000060 4B 20            [ 1]  203 	push	#0x20
      000062 4B 00            [ 1]  204 	push	#0x00
      000064 CDr00r00         [ 4]  205 	call	_UART1_GetFlagStatus
      000067 85               [ 2]  206 	popw	x
      000068 4D               [ 1]  207 	tnz	a
      000069 27 17            [ 1]  208 	jreq	00102$
                                    209 ;	../main.c: 118: val = getchar();
      00006B CDr00rE0         [ 4]  210 	call	_getchar
                                    211 ;	../main.c: 119: printf("read %c%c%c", val,10,13);
      00006E 4F               [ 1]  212 	clr	a
      00006F 95               [ 1]  213 	ld	xh, a
      000070 4B 0D            [ 1]  214 	push	#0x0d
      000072 4B 00            [ 1]  215 	push	#0x00
      000074 4B 0A            [ 1]  216 	push	#0x0a
      000076 4B 00            [ 1]  217 	push	#0x00
      000078 89               [ 2]  218 	pushw	x
      000079 4Br00            [ 1]  219 	push	#<___str_0
      00007B 4Bs00            [ 1]  220 	push	#(___str_0 >> 8)
      00007D CDr00r00         [ 4]  221 	call	_printf
      000080 5B 08            [ 2]  222 	addw	sp, #8
      000082                        223 00102$:
                                    224 ;	../main.c: 125: if (g_flag1ms)
      000082 72 5Du00u00      [ 1]  225 	tnz	_g_flag1ms+0
      000086 27 D8            [ 1]  226 	jreq	00108$
                                    227 ;	../main.c: 127: g_flag1ms=0;
      000088 72 5Fu00u00      [ 1]  228 	clr	_g_flag1ms+0
                                    229 ;	../main.c: 129: if ((g_count1ms % 500) == 0)
      00008C 4B F4            [ 1]  230 	push	#0xf4
      00008E 4B 01            [ 1]  231 	push	#0x01
      000090 5F               [ 1]  232 	clrw	x
      000091 89               [ 2]  233 	pushw	x
      000092 CEu00u03         [ 2]  234 	ldw	x, _g_count1ms+2
      000095 89               [ 2]  235 	pushw	x
      000096 CEu00u01         [ 2]  236 	ldw	x, _g_count1ms+0
      000099 89               [ 2]  237 	pushw	x
      00009A CDr00r00         [ 4]  238 	call	__modulong
      00009D 5B 08            [ 2]  239 	addw	sp, #8
      00009F 5D               [ 2]  240 	tnzw	x
      0000A0 26 BE            [ 1]  241 	jrne	00108$
      0000A2 90 5D            [ 2]  242 	tnzw	y
      0000A4 26 BA            [ 1]  243 	jrne	00108$
                                    244 ;	../main.c: 133: GPIO_WriteReverse(GPIOD, (GPIO_Pin_TypeDef)GPIO_PIN_3);
      0000A6 4B 08            [ 1]  245 	push	#0x08
      0000A8 4B 0F            [ 1]  246 	push	#0x0f
      0000AA 4B 50            [ 1]  247 	push	#0x50
      0000AC CDr00r00         [ 4]  248 	call	_GPIO_WriteReverse
      0000AF 5B 03            [ 2]  249 	addw	sp, #3
                                    250 ;	../main.c: 141: printf("time %ld%c%c", g_count1ms,10,13);
      0000B1 4B 0D            [ 1]  251 	push	#0x0d
      0000B3 4B 00            [ 1]  252 	push	#0x00
      0000B5 4B 0A            [ 1]  253 	push	#0x0a
      0000B7 4B 00            [ 1]  254 	push	#0x00
      0000B9 CEu00u03         [ 2]  255 	ldw	x, _g_count1ms+2
      0000BC 89               [ 2]  256 	pushw	x
      0000BD CEu00u01         [ 2]  257 	ldw	x, _g_count1ms+0
      0000C0 89               [ 2]  258 	pushw	x
      0000C1 4Br0C            [ 1]  259 	push	#<___str_1
      0000C3 4Bs00            [ 1]  260 	push	#(___str_1 >> 8)
      0000C5 CDr00r00         [ 4]  261 	call	_printf
      0000C8 5B 0A            [ 2]  262 	addw	sp, #10
      0000CA 20 94            [ 2]  263 	jra	00108$
                                    264 ;	../main.c: 179: } // main()
      0000CC 81               [ 4]  265 	ret
                                    266 ;	../main.c: 187: PUTCHAR_PROTOTYPE
                                    267 ;	-----------------------------------------
                                    268 ;	 function putchar
                                    269 ;	-----------------------------------------
      0000CD                        270 _putchar:
                                    271 ;	../main.c: 190: UART1_SendData8(c);
      0000CD 7B 04            [ 1]  272 	ld	a, (0x04, sp)
      0000CF 88               [ 1]  273 	push	a
      0000D0 CDr00r00         [ 4]  274 	call	_UART1_SendData8
      0000D3 84               [ 1]  275 	pop	a
                                    276 ;	../main.c: 192: while (UART1_GetFlagStatus(UART1_FLAG_TXE) == RESET);
      0000D4                        277 00101$:
      0000D4 4B 80            [ 1]  278 	push	#0x80
      0000D6 4B 00            [ 1]  279 	push	#0x00
      0000D8 CDr00r00         [ 4]  280 	call	_UART1_GetFlagStatus
      0000DB 85               [ 2]  281 	popw	x
      0000DC 4D               [ 1]  282 	tnz	a
      0000DD 27 F5            [ 1]  283 	jreq	00101$
                                    284 ;	../main.c: 198: }
      0000DF 81               [ 4]  285 	ret
                                    286 ;	../main.c: 206: GETCHAR_PROTOTYPE
                                    287 ;	-----------------------------------------
                                    288 ;	 function getchar
                                    289 ;	-----------------------------------------
      0000E0                        290 _getchar:
                                    291 ;	../main.c: 214: while (UART1_GetFlagStatus(UART1_FLAG_RXNE) == RESET);
      0000E0                        292 00101$:
      0000E0 4B 20            [ 1]  293 	push	#0x20
      0000E2 4B 00            [ 1]  294 	push	#0x00
      0000E4 CDr00r00         [ 4]  295 	call	_UART1_GetFlagStatus
      0000E7 85               [ 2]  296 	popw	x
      0000E8 4D               [ 1]  297 	tnz	a
      0000E9 27 F5            [ 1]  298 	jreq	00101$
                                    299 ;	../main.c: 215: c = UART1_ReceiveData8();
      0000EB CDr00r00         [ 4]  300 	call	_UART1_ReceiveData8
      0000EE 5F               [ 1]  301 	clrw	x
      0000EF 97               [ 1]  302 	ld	xl, a
                                    303 ;	../main.c: 216: return (c);
                                    304 ;	../main.c: 217: }
      0000F0 81               [ 4]  305 	ret
                                    306 ;	../main.c: 229: void assert_failed(uint8_t* file, uint32_t line)
                                    307 ;	-----------------------------------------
                                    308 ;	 function assert_failed
                                    309 ;	-----------------------------------------
      0000F1                        310 _assert_failed:
                                    311 ;	../main.c: 239: while (1)
      0000F1                        312 00102$:
      0000F1 20 FE            [ 2]  313 	jra	00102$
                                    314 ;	../main.c: 242: }
      0000F3 81               [ 4]  315 	ret
                                    316 	.area CODE
                                    317 	.area CONST
      000000                        318 ___str_0:
      000000 72 65 61 64 20 25 63   319 	.ascii "read %c%c%c"
             25 63 25 63
      00000B 00                     320 	.db 0x00
      00000C                        321 ___str_1:
      00000C 74 69 6D 65 20 25 6C   322 	.ascii "time %ld%c%c"
             64 25 63 25 63
      000018 00                     323 	.db 0x00
                                    324 	.area INITIALIZER
      000000                        325 __xinit__g_flag1ms:
      000000 00                     326 	.db #0x00	; 0
      000001                        327 __xinit__g_count1ms:
      000001 00 00 00 00            328 	.byte #0x00,#0x00,#0x00,#0x00	; 0
                                    329 	.area CABS (ABS)
