                                      1 ;--------------------------------------------------------
                                      2 ; File Created by SDCC : free open source ANSI-C Compiler
                                      3 ; Version 3.8.0 #10562 (Linux)
                                      4 ;--------------------------------------------------------
                                      5 	.module stm8s_uart1
                                      6 	.optsdcc -mstm8
                                      7 	
                                      8 ;--------------------------------------------------------
                                      9 ; Public variables in this module
                                     10 ;--------------------------------------------------------
                                     11 	.globl _assert_failed
                                     12 	.globl _CLK_GetClockFreq
                                     13 	.globl _UART1_DeInit
                                     14 	.globl _UART1_Init
                                     15 	.globl _UART1_Cmd
                                     16 	.globl _UART1_ITConfig
                                     17 	.globl _UART1_HalfDuplexCmd
                                     18 	.globl _UART1_IrDAConfig
                                     19 	.globl _UART1_IrDACmd
                                     20 	.globl _UART1_LINBreakDetectionConfig
                                     21 	.globl _UART1_LINCmd
                                     22 	.globl _UART1_SmartCardCmd
                                     23 	.globl _UART1_SmartCardNACKCmd
                                     24 	.globl _UART1_WakeUpConfig
                                     25 	.globl _UART1_ReceiverWakeUpCmd
                                     26 	.globl _UART1_ReceiveData8
                                     27 	.globl _UART1_ReceiveData9
                                     28 	.globl _UART1_SendData8
                                     29 	.globl _UART1_SendData9
                                     30 	.globl _UART1_SendBreak
                                     31 	.globl _UART1_SetAddress
                                     32 	.globl _UART1_SetGuardTime
                                     33 	.globl _UART1_SetPrescaler
                                     34 	.globl _UART1_GetFlagStatus
                                     35 	.globl _UART1_ClearFlag
                                     36 	.globl _UART1_GetITStatus
                                     37 	.globl _UART1_ClearITPendingBit
                                     38 ;--------------------------------------------------------
                                     39 ; ram data
                                     40 ;--------------------------------------------------------
                                     41 	.area DATA
                                     42 ;--------------------------------------------------------
                                     43 ; ram data
                                     44 ;--------------------------------------------------------
                                     45 	.area INITIALIZED
                                     46 ;--------------------------------------------------------
                                     47 ; absolute external ram data
                                     48 ;--------------------------------------------------------
                                     49 	.area DABS (ABS)
                                     50 
                                     51 ; default segment ordering for linker
                                     52 	.area HOME
                                     53 	.area GSINIT
                                     54 	.area GSFINAL
                                     55 	.area CONST
                                     56 	.area INITIALIZER
                                     57 	.area CODE
                                     58 
                                     59 ;--------------------------------------------------------
                                     60 ; global & static initialisations
                                     61 ;--------------------------------------------------------
                                     62 	.area HOME
                                     63 	.area GSINIT
                                     64 	.area GSFINAL
                                     65 	.area GSINIT
                                     66 ;--------------------------------------------------------
                                     67 ; Home
                                     68 ;--------------------------------------------------------
                                     69 	.area HOME
                                     70 	.area HOME
                                     71 ;--------------------------------------------------------
                                     72 ; code
                                     73 ;--------------------------------------------------------
                                     74 	.area CODE
                                     75 ;	../../../Libraries/STM8S_StdPeriph_Driver/src/stm8s_uart1.c: 53: void UART1_DeInit(void)
                                     76 ;	-----------------------------------------
                                     77 ;	 function UART1_DeInit
                                     78 ;	-----------------------------------------
      000000                         79 _UART1_DeInit:
                                     80 ;	../../../Libraries/STM8S_StdPeriph_Driver/src/stm8s_uart1.c: 57: (void)UART1->SR;
      000000 C6 52 30         [ 1]   81 	ld	a, 0x5230
                                     82 ;	../../../Libraries/STM8S_StdPeriph_Driver/src/stm8s_uart1.c: 58: (void)UART1->DR;
      000003 C6 52 31         [ 1]   83 	ld	a, 0x5231
                                     84 ;	../../../Libraries/STM8S_StdPeriph_Driver/src/stm8s_uart1.c: 60: UART1->BRR2 = UART1_BRR2_RESET_VALUE;  /* Set UART1_BRR2 to reset value 0x00 */
      000006 35 00 52 33      [ 1]   85 	mov	0x5233+0, #0x00
                                     86 ;	../../../Libraries/STM8S_StdPeriph_Driver/src/stm8s_uart1.c: 61: UART1->BRR1 = UART1_BRR1_RESET_VALUE;  /* Set UART1_BRR1 to reset value 0x00 */
      00000A 35 00 52 32      [ 1]   87 	mov	0x5232+0, #0x00
                                     88 ;	../../../Libraries/STM8S_StdPeriph_Driver/src/stm8s_uart1.c: 63: UART1->CR1 = UART1_CR1_RESET_VALUE;  /* Set UART1_CR1 to reset value 0x00 */
      00000E 35 00 52 34      [ 1]   89 	mov	0x5234+0, #0x00
                                     90 ;	../../../Libraries/STM8S_StdPeriph_Driver/src/stm8s_uart1.c: 64: UART1->CR2 = UART1_CR2_RESET_VALUE;  /* Set UART1_CR2 to reset value 0x00 */
      000012 35 00 52 35      [ 1]   91 	mov	0x5235+0, #0x00
                                     92 ;	../../../Libraries/STM8S_StdPeriph_Driver/src/stm8s_uart1.c: 65: UART1->CR3 = UART1_CR3_RESET_VALUE;  /* Set UART1_CR3 to reset value 0x00 */
      000016 35 00 52 36      [ 1]   93 	mov	0x5236+0, #0x00
                                     94 ;	../../../Libraries/STM8S_StdPeriph_Driver/src/stm8s_uart1.c: 66: UART1->CR4 = UART1_CR4_RESET_VALUE;  /* Set UART1_CR4 to reset value 0x00 */
      00001A 35 00 52 37      [ 1]   95 	mov	0x5237+0, #0x00
                                     96 ;	../../../Libraries/STM8S_StdPeriph_Driver/src/stm8s_uart1.c: 67: UART1->CR5 = UART1_CR5_RESET_VALUE;  /* Set UART1_CR5 to reset value 0x00 */
      00001E 35 00 52 38      [ 1]   97 	mov	0x5238+0, #0x00
                                     98 ;	../../../Libraries/STM8S_StdPeriph_Driver/src/stm8s_uart1.c: 69: UART1->GTR = UART1_GTR_RESET_VALUE;
      000022 35 00 52 39      [ 1]   99 	mov	0x5239+0, #0x00
                                    100 ;	../../../Libraries/STM8S_StdPeriph_Driver/src/stm8s_uart1.c: 70: UART1->PSCR = UART1_PSCR_RESET_VALUE;
      000026 35 00 52 3A      [ 1]  101 	mov	0x523a+0, #0x00
                                    102 ;	../../../Libraries/STM8S_StdPeriph_Driver/src/stm8s_uart1.c: 71: }
      00002A 81               [ 4]  103 	ret
                                    104 ;	../../../Libraries/STM8S_StdPeriph_Driver/src/stm8s_uart1.c: 90: void UART1_Init(uint32_t BaudRate, UART1_WordLength_TypeDef WordLength, 
                                    105 ;	-----------------------------------------
                                    106 ;	 function UART1_Init
                                    107 ;	-----------------------------------------
      00002B                        108 _UART1_Init:
      00002B 52 1D            [ 2]  109 	sub	sp, #29
                                    110 ;	../../../Libraries/STM8S_StdPeriph_Driver/src/stm8s_uart1.c: 97: assert_param(IS_UART1_BAUDRATE_OK(BaudRate));
      00002D AE 89 68         [ 2]  111 	ldw	x, #0x8968
      000030 13 22            [ 2]  112 	cpw	x, (0x22, sp)
      000032 A6 09            [ 1]  113 	ld	a, #0x09
      000034 12 21            [ 1]  114 	sbc	a, (0x21, sp)
      000036 4F               [ 1]  115 	clr	a
      000037 12 20            [ 1]  116 	sbc	a, (0x20, sp)
      000039 24 0F            [ 1]  117 	jrnc	00113$
      00003B 4B 61            [ 1]  118 	push	#0x61
      00003D 5F               [ 1]  119 	clrw	x
      00003E 89               [ 2]  120 	pushw	x
      00003F 4B 00            [ 1]  121 	push	#0x00
      000041 4Br00            [ 1]  122 	push	#<___str_0
      000043 4Bs00            [ 1]  123 	push	#(___str_0 >> 8)
      000045 CDr00r00         [ 4]  124 	call	_assert_failed
      000048 5B 06            [ 2]  125 	addw	sp, #6
      00004A                        126 00113$:
                                    127 ;	../../../Libraries/STM8S_StdPeriph_Driver/src/stm8s_uart1.c: 98: assert_param(IS_UART1_WORDLENGTH_OK(WordLength));
      00004A 0D 24            [ 1]  128 	tnz	(0x24, sp)
      00004C 27 15            [ 1]  129 	jreq	00115$
      00004E 7B 24            [ 1]  130 	ld	a, (0x24, sp)
      000050 A1 10            [ 1]  131 	cp	a, #0x10
      000052 27 0F            [ 1]  132 	jreq	00115$
      000054 4B 62            [ 1]  133 	push	#0x62
      000056 5F               [ 1]  134 	clrw	x
      000057 89               [ 2]  135 	pushw	x
      000058 4B 00            [ 1]  136 	push	#0x00
      00005A 4Br00            [ 1]  137 	push	#<___str_0
      00005C 4Bs00            [ 1]  138 	push	#(___str_0 >> 8)
      00005E CDr00r00         [ 4]  139 	call	_assert_failed
      000061 5B 06            [ 2]  140 	addw	sp, #6
      000063                        141 00115$:
                                    142 ;	../../../Libraries/STM8S_StdPeriph_Driver/src/stm8s_uart1.c: 99: assert_param(IS_UART1_STOPBITS_OK(StopBits));
      000063 0D 25            [ 1]  143 	tnz	(0x25, sp)
      000065 27 21            [ 1]  144 	jreq	00120$
      000067 7B 25            [ 1]  145 	ld	a, (0x25, sp)
      000069 A1 10            [ 1]  146 	cp	a, #0x10
      00006B 27 1B            [ 1]  147 	jreq	00120$
      00006D 7B 25            [ 1]  148 	ld	a, (0x25, sp)
      00006F A1 20            [ 1]  149 	cp	a, #0x20
      000071 27 15            [ 1]  150 	jreq	00120$
      000073 7B 25            [ 1]  151 	ld	a, (0x25, sp)
      000075 A1 30            [ 1]  152 	cp	a, #0x30
      000077 27 0F            [ 1]  153 	jreq	00120$
      000079 4B 63            [ 1]  154 	push	#0x63
      00007B 5F               [ 1]  155 	clrw	x
      00007C 89               [ 2]  156 	pushw	x
      00007D 4B 00            [ 1]  157 	push	#0x00
      00007F 4Br00            [ 1]  158 	push	#<___str_0
      000081 4Bs00            [ 1]  159 	push	#(___str_0 >> 8)
      000083 CDr00r00         [ 4]  160 	call	_assert_failed
      000086 5B 06            [ 2]  161 	addw	sp, #6
      000088                        162 00120$:
                                    163 ;	../../../Libraries/STM8S_StdPeriph_Driver/src/stm8s_uart1.c: 100: assert_param(IS_UART1_PARITY_OK(Parity));
      000088 0D 26            [ 1]  164 	tnz	(0x26, sp)
      00008A 27 1B            [ 1]  165 	jreq	00131$
      00008C 7B 26            [ 1]  166 	ld	a, (0x26, sp)
      00008E A1 04            [ 1]  167 	cp	a, #0x04
      000090 27 15            [ 1]  168 	jreq	00131$
      000092 7B 26            [ 1]  169 	ld	a, (0x26, sp)
      000094 A1 06            [ 1]  170 	cp	a, #0x06
      000096 27 0F            [ 1]  171 	jreq	00131$
      000098 4B 64            [ 1]  172 	push	#0x64
      00009A 5F               [ 1]  173 	clrw	x
      00009B 89               [ 2]  174 	pushw	x
      00009C 4B 00            [ 1]  175 	push	#0x00
      00009E 4Br00            [ 1]  176 	push	#<___str_0
      0000A0 4Bs00            [ 1]  177 	push	#(___str_0 >> 8)
      0000A2 CDr00r00         [ 4]  178 	call	_assert_failed
      0000A5 5B 06            [ 2]  179 	addw	sp, #6
      0000A7                        180 00131$:
                                    181 ;	../../../Libraries/STM8S_StdPeriph_Driver/src/stm8s_uart1.c: 101: assert_param(IS_UART1_MODE_OK((uint8_t)Mode));
      0000A7 7B 28            [ 1]  182 	ld	a, (0x28, sp)
      0000A9 A1 08            [ 1]  183 	cp	a, #0x08
      0000AB 27 42            [ 1]  184 	jreq	00139$
      0000AD 7B 28            [ 1]  185 	ld	a, (0x28, sp)
      0000AF A1 40            [ 1]  186 	cp	a, #0x40
      0000B1 27 3C            [ 1]  187 	jreq	00139$
      0000B3 7B 28            [ 1]  188 	ld	a, (0x28, sp)
      0000B5 A1 04            [ 1]  189 	cp	a, #0x04
      0000B7 27 36            [ 1]  190 	jreq	00139$
      0000B9 7B 28            [ 1]  191 	ld	a, (0x28, sp)
      0000BB A1 80            [ 1]  192 	cp	a, #0x80
      0000BD 27 30            [ 1]  193 	jreq	00139$
      0000BF 7B 28            [ 1]  194 	ld	a, (0x28, sp)
      0000C1 A0 0C            [ 1]  195 	sub	a, #0x0c
      0000C3 26 02            [ 1]  196 	jrne	00339$
      0000C5 4C               [ 1]  197 	inc	a
      0000C6 21                     198 	.byte 0x21
      0000C7                        199 00339$:
      0000C7 4F               [ 1]  200 	clr	a
      0000C8                        201 00340$:
      0000C8 4D               [ 1]  202 	tnz	a
      0000C9 26 24            [ 1]  203 	jrne	00139$
      0000CB 4D               [ 1]  204 	tnz	a
      0000CC 26 21            [ 1]  205 	jrne	00139$
      0000CE 7B 28            [ 1]  206 	ld	a, (0x28, sp)
      0000D0 A1 44            [ 1]  207 	cp	a, #0x44
      0000D2 27 1B            [ 1]  208 	jreq	00139$
      0000D4 7B 28            [ 1]  209 	ld	a, (0x28, sp)
      0000D6 A1 C0            [ 1]  210 	cp	a, #0xc0
      0000D8 27 15            [ 1]  211 	jreq	00139$
      0000DA 7B 28            [ 1]  212 	ld	a, (0x28, sp)
      0000DC A1 88            [ 1]  213 	cp	a, #0x88
      0000DE 27 0F            [ 1]  214 	jreq	00139$
      0000E0 4B 65            [ 1]  215 	push	#0x65
      0000E2 5F               [ 1]  216 	clrw	x
      0000E3 89               [ 2]  217 	pushw	x
      0000E4 4B 00            [ 1]  218 	push	#0x00
      0000E6 4Br00            [ 1]  219 	push	#<___str_0
      0000E8 4Bs00            [ 1]  220 	push	#(___str_0 >> 8)
      0000EA CDr00r00         [ 4]  221 	call	_assert_failed
      0000ED 5B 06            [ 2]  222 	addw	sp, #6
      0000EF                        223 00139$:
                                    224 ;	../../../Libraries/STM8S_StdPeriph_Driver/src/stm8s_uart1.c: 102: assert_param(IS_UART1_SYNCMODE_OK((uint8_t)SyncMode));
      0000EF 7B 27            [ 1]  225 	ld	a, (0x27, sp)
      0000F1 A4 88            [ 1]  226 	and	a, #0x88
      0000F3 A1 88            [ 1]  227 	cp	a, #0x88
      0000F5 27 18            [ 1]  228 	jreq	00167$
      0000F7 7B 27            [ 1]  229 	ld	a, (0x27, sp)
      0000F9 A4 44            [ 1]  230 	and	a, #0x44
      0000FB A1 44            [ 1]  231 	cp	a, #0x44
      0000FD 27 10            [ 1]  232 	jreq	00167$
      0000FF 7B 27            [ 1]  233 	ld	a, (0x27, sp)
      000101 A4 22            [ 1]  234 	and	a, #0x22
      000103 A1 22            [ 1]  235 	cp	a, #0x22
      000105 27 08            [ 1]  236 	jreq	00167$
      000107 7B 27            [ 1]  237 	ld	a, (0x27, sp)
      000109 A4 11            [ 1]  238 	and	a, #0x11
      00010B A1 11            [ 1]  239 	cp	a, #0x11
      00010D 26 0F            [ 1]  240 	jrne	00165$
      00010F                        241 00167$:
      00010F 4B 66            [ 1]  242 	push	#0x66
      000111 5F               [ 1]  243 	clrw	x
      000112 89               [ 2]  244 	pushw	x
      000113 4B 00            [ 1]  245 	push	#0x00
      000115 4Br00            [ 1]  246 	push	#<___str_0
      000117 4Bs00            [ 1]  247 	push	#(___str_0 >> 8)
      000119 CDr00r00         [ 4]  248 	call	_assert_failed
      00011C 5B 06            [ 2]  249 	addw	sp, #6
      00011E                        250 00165$:
                                    251 ;	../../../Libraries/STM8S_StdPeriph_Driver/src/stm8s_uart1.c: 105: UART1->CR1 &= (uint8_t)(~UART1_CR1_M);  
      00011E 72 19 52 34      [ 1]  252 	bres	21044, #4
                                    253 ;	../../../Libraries/STM8S_StdPeriph_Driver/src/stm8s_uart1.c: 108: UART1->CR1 |= (uint8_t)WordLength;
      000122 C6 52 34         [ 1]  254 	ld	a, 0x5234
      000125 1A 24            [ 1]  255 	or	a, (0x24, sp)
      000127 C7 52 34         [ 1]  256 	ld	0x5234, a
                                    257 ;	../../../Libraries/STM8S_StdPeriph_Driver/src/stm8s_uart1.c: 111: UART1->CR3 &= (uint8_t)(~UART1_CR3_STOP);  
      00012A C6 52 36         [ 1]  258 	ld	a, 0x5236
      00012D A4 CF            [ 1]  259 	and	a, #0xcf
      00012F C7 52 36         [ 1]  260 	ld	0x5236, a
                                    261 ;	../../../Libraries/STM8S_StdPeriph_Driver/src/stm8s_uart1.c: 113: UART1->CR3 |= (uint8_t)StopBits;  
      000132 C6 52 36         [ 1]  262 	ld	a, 0x5236
      000135 1A 25            [ 1]  263 	or	a, (0x25, sp)
      000137 C7 52 36         [ 1]  264 	ld	0x5236, a
                                    265 ;	../../../Libraries/STM8S_StdPeriph_Driver/src/stm8s_uart1.c: 116: UART1->CR1 &= (uint8_t)(~(UART1_CR1_PCEN | UART1_CR1_PS  ));  
      00013A C6 52 34         [ 1]  266 	ld	a, 0x5234
      00013D A4 F9            [ 1]  267 	and	a, #0xf9
      00013F C7 52 34         [ 1]  268 	ld	0x5234, a
                                    269 ;	../../../Libraries/STM8S_StdPeriph_Driver/src/stm8s_uart1.c: 118: UART1->CR1 |= (uint8_t)Parity;  
      000142 C6 52 34         [ 1]  270 	ld	a, 0x5234
      000145 1A 26            [ 1]  271 	or	a, (0x26, sp)
      000147 C7 52 34         [ 1]  272 	ld	0x5234, a
                                    273 ;	../../../Libraries/STM8S_StdPeriph_Driver/src/stm8s_uart1.c: 121: UART1->BRR1 &= (uint8_t)(~UART1_BRR1_DIVM);  
      00014A C6 52 32         [ 1]  274 	ld	a, 0x5232
      00014D 35 00 52 32      [ 1]  275 	mov	0x5232+0, #0x00
                                    276 ;	../../../Libraries/STM8S_StdPeriph_Driver/src/stm8s_uart1.c: 123: UART1->BRR2 &= (uint8_t)(~UART1_BRR2_DIVM);  
      000151 C6 52 33         [ 1]  277 	ld	a, 0x5233
      000154 A4 0F            [ 1]  278 	and	a, #0x0f
      000156 C7 52 33         [ 1]  279 	ld	0x5233, a
                                    280 ;	../../../Libraries/STM8S_StdPeriph_Driver/src/stm8s_uart1.c: 125: UART1->BRR2 &= (uint8_t)(~UART1_BRR2_DIVF);  
      000159 C6 52 33         [ 1]  281 	ld	a, 0x5233
      00015C A4 F0            [ 1]  282 	and	a, #0xf0
      00015E C7 52 33         [ 1]  283 	ld	0x5233, a
                                    284 ;	../../../Libraries/STM8S_StdPeriph_Driver/src/stm8s_uart1.c: 128: BaudRate_Mantissa    = ((uint32_t)CLK_GetClockFreq() / (BaudRate << 4));
      000161 CDr00r00         [ 4]  285 	call	_CLK_GetClockFreq
      000164 1F 10            [ 2]  286 	ldw	(0x10, sp), x
      000166 1E 20            [ 2]  287 	ldw	x, (0x20, sp)
      000168 1F 12            [ 2]  288 	ldw	(0x12, sp), x
      00016A 1E 22            [ 2]  289 	ldw	x, (0x22, sp)
      00016C A6 04            [ 1]  290 	ld	a, #0x04
      00016E                        291 00364$:
      00016E 58               [ 2]  292 	sllw	x
      00016F 09 13            [ 1]  293 	rlc	(0x13, sp)
      000171 09 12            [ 1]  294 	rlc	(0x12, sp)
      000173 4A               [ 1]  295 	dec	a
      000174 26 F8            [ 1]  296 	jrne	00364$
      000176 1F 14            [ 2]  297 	ldw	(0x14, sp), x
      000178 89               [ 2]  298 	pushw	x
      000179 1E 14            [ 2]  299 	ldw	x, (0x14, sp)
      00017B 89               [ 2]  300 	pushw	x
      00017C 1E 14            [ 2]  301 	ldw	x, (0x14, sp)
      00017E 89               [ 2]  302 	pushw	x
      00017F 90 89            [ 2]  303 	pushw	y
      000181 CDr00r00         [ 4]  304 	call	__divulong
      000184 5B 08            [ 2]  305 	addw	sp, #8
      000186 1F 1C            [ 2]  306 	ldw	(0x1c, sp), x
      000188 17 1A            [ 2]  307 	ldw	(0x1a, sp), y
                                    308 ;	../../../Libraries/STM8S_StdPeriph_Driver/src/stm8s_uart1.c: 129: BaudRate_Mantissa100 = (((uint32_t)CLK_GetClockFreq() * 100) / (BaudRate << 4));
      00018A CDr00r00         [ 4]  309 	call	_CLK_GetClockFreq
      00018D 89               [ 2]  310 	pushw	x
      00018E 90 89            [ 2]  311 	pushw	y
      000190 4B 64            [ 1]  312 	push	#0x64
      000192 5F               [ 1]  313 	clrw	x
      000193 89               [ 2]  314 	pushw	x
      000194 4B 00            [ 1]  315 	push	#0x00
      000196 CDr00r00         [ 4]  316 	call	__mullong
      000199 5B 08            [ 2]  317 	addw	sp, #8
      00019B 1F 07            [ 2]  318 	ldw	(0x07, sp), x
      00019D 1E 14            [ 2]  319 	ldw	x, (0x14, sp)
      00019F 89               [ 2]  320 	pushw	x
      0001A0 1E 14            [ 2]  321 	ldw	x, (0x14, sp)
      0001A2 89               [ 2]  322 	pushw	x
      0001A3 1E 0B            [ 2]  323 	ldw	x, (0x0b, sp)
      0001A5 89               [ 2]  324 	pushw	x
      0001A6 90 89            [ 2]  325 	pushw	y
      0001A8 CDr00r00         [ 4]  326 	call	__divulong
      0001AB 5B 08            [ 2]  327 	addw	sp, #8
      0001AD 90 9E            [ 1]  328 	ld	a, yh
      0001AF 1F 18            [ 2]  329 	ldw	(0x18, sp), x
      0001B1 6B 16            [ 1]  330 	ld	(0x16, sp), a
      0001B3 90 9F            [ 1]  331 	ld	a, yl
                                    332 ;	../../../Libraries/STM8S_StdPeriph_Driver/src/stm8s_uart1.c: 131: UART1->BRR2 |= (uint8_t)((uint8_t)(((BaudRate_Mantissa100 - (BaudRate_Mantissa * 100)) << 4) / 100) & (uint8_t)0x0F); 
      0001B5 AE 52 33         [ 2]  333 	ldw	x, #0x5233
      0001B8 88               [ 1]  334 	push	a
      0001B9 F6               [ 1]  335 	ld	a, (x)
      0001BA 6B 0E            [ 1]  336 	ld	(0x0e, sp), a
      0001BC 1E 1D            [ 2]  337 	ldw	x, (0x1d, sp)
      0001BE 89               [ 2]  338 	pushw	x
      0001BF 1E 1D            [ 2]  339 	ldw	x, (0x1d, sp)
      0001C1 89               [ 2]  340 	pushw	x
      0001C2 4B 64            [ 1]  341 	push	#0x64
      0001C4 5F               [ 1]  342 	clrw	x
      0001C5 89               [ 2]  343 	pushw	x
      0001C6 4B 00            [ 1]  344 	push	#0x00
      0001C8 CDr00r00         [ 4]  345 	call	__mullong
      0001CB 5B 08            [ 2]  346 	addw	sp, #8
      0001CD 1F 0C            [ 2]  347 	ldw	(0x0c, sp), x
      0001CF 17 0A            [ 2]  348 	ldw	(0x0a, sp), y
      0001D1 84               [ 1]  349 	pop	a
      0001D2 16 18            [ 2]  350 	ldw	y, (0x18, sp)
      0001D4 72 F2 0B         [ 2]  351 	subw	y, (0x0b, sp)
      0001D7 12 0A            [ 1]  352 	sbc	a, (0x0a, sp)
      0001D9 97               [ 1]  353 	ld	xl, a
      0001DA 7B 16            [ 1]  354 	ld	a, (0x16, sp)
      0001DC 12 09            [ 1]  355 	sbc	a, (0x09, sp)
      0001DE 95               [ 1]  356 	ld	xh, a
      0001DF A6 04            [ 1]  357 	ld	a, #0x04
      0001E1                        358 00366$:
      0001E1 90 58            [ 2]  359 	sllw	y
      0001E3 59               [ 2]  360 	rlcw	x
      0001E4 4A               [ 1]  361 	dec	a
      0001E5 26 FA            [ 1]  362 	jrne	00366$
      0001E7 4B 64            [ 1]  363 	push	#0x64
      0001E9 4B 00            [ 1]  364 	push	#0x00
      0001EB 4B 00            [ 1]  365 	push	#0x00
      0001ED 4B 00            [ 1]  366 	push	#0x00
      0001EF 90 89            [ 2]  367 	pushw	y
      0001F1 89               [ 2]  368 	pushw	x
      0001F2 CDr00r00         [ 4]  369 	call	__divulong
      0001F5 5B 08            [ 2]  370 	addw	sp, #8
      0001F7 9F               [ 1]  371 	ld	a, xl
      0001F8 A4 0F            [ 1]  372 	and	a, #0x0f
      0001FA 1A 0D            [ 1]  373 	or	a, (0x0d, sp)
      0001FC C7 52 33         [ 1]  374 	ld	0x5233, a
                                    375 ;	../../../Libraries/STM8S_StdPeriph_Driver/src/stm8s_uart1.c: 133: UART1->BRR2 |= (uint8_t)((BaudRate_Mantissa >> 4) & (uint8_t)0xF0); 
      0001FF C6 52 33         [ 1]  376 	ld	a, 0x5233
      000202 6B 04            [ 1]  377 	ld	(0x04, sp), a
      000204 1E 1C            [ 2]  378 	ldw	x, (0x1c, sp)
      000206 A6 10            [ 1]  379 	ld	a, #0x10
      000208 62               [ 2]  380 	div	x, a
      000209 9F               [ 1]  381 	ld	a, xl
      00020A A4 F0            [ 1]  382 	and	a, #0xf0
      00020C 1A 04            [ 1]  383 	or	a, (0x04, sp)
      00020E C7 52 33         [ 1]  384 	ld	0x5233, a
                                    385 ;	../../../Libraries/STM8S_StdPeriph_Driver/src/stm8s_uart1.c: 135: UART1->BRR1 |= (uint8_t)BaudRate_Mantissa;           
      000211 C6 52 32         [ 1]  386 	ld	a, 0x5232
      000214 6B 03            [ 1]  387 	ld	(0x03, sp), a
      000216 7B 1D            [ 1]  388 	ld	a, (0x1d, sp)
      000218 1A 03            [ 1]  389 	or	a, (0x03, sp)
      00021A C7 52 32         [ 1]  390 	ld	0x5232, a
                                    391 ;	../../../Libraries/STM8S_StdPeriph_Driver/src/stm8s_uart1.c: 138: UART1->CR2 &= (uint8_t)~(UART1_CR2_TEN | UART1_CR2_REN); 
      00021D C6 52 35         [ 1]  392 	ld	a, 0x5235
      000220 A4 F3            [ 1]  393 	and	a, #0xf3
      000222 C7 52 35         [ 1]  394 	ld	0x5235, a
                                    395 ;	../../../Libraries/STM8S_StdPeriph_Driver/src/stm8s_uart1.c: 140: UART1->CR3 &= (uint8_t)~(UART1_CR3_CPOL | UART1_CR3_CPHA | UART1_CR3_LBCL); 
      000225 C6 52 36         [ 1]  396 	ld	a, 0x5236
      000228 A4 F8            [ 1]  397 	and	a, #0xf8
      00022A C7 52 36         [ 1]  398 	ld	0x5236, a
                                    399 ;	../../../Libraries/STM8S_StdPeriph_Driver/src/stm8s_uart1.c: 142: UART1->CR3 |= (uint8_t)((uint8_t)SyncMode & (uint8_t)(UART1_CR3_CPOL | 
      00022D C6 52 36         [ 1]  400 	ld	a, 0x5236
      000230 6B 02            [ 1]  401 	ld	(0x02, sp), a
      000232 7B 27            [ 1]  402 	ld	a, (0x27, sp)
      000234 A4 07            [ 1]  403 	and	a, #0x07
      000236 1A 02            [ 1]  404 	or	a, (0x02, sp)
      000238 C7 52 36         [ 1]  405 	ld	0x5236, a
                                    406 ;	../../../Libraries/STM8S_StdPeriph_Driver/src/stm8s_uart1.c: 138: UART1->CR2 &= (uint8_t)~(UART1_CR2_TEN | UART1_CR2_REN); 
      00023B C6 52 35         [ 1]  407 	ld	a, 0x5235
                                    408 ;	../../../Libraries/STM8S_StdPeriph_Driver/src/stm8s_uart1.c: 145: if ((uint8_t)(Mode & UART1_MODE_TX_ENABLE))
      00023E 88               [ 1]  409 	push	a
      00023F 7B 29            [ 1]  410 	ld	a, (0x29, sp)
      000241 A5 04            [ 1]  411 	bcp	a, #0x04
      000243 84               [ 1]  412 	pop	a
      000244 27 07            [ 1]  413 	jreq	00102$
                                    414 ;	../../../Libraries/STM8S_StdPeriph_Driver/src/stm8s_uart1.c: 148: UART1->CR2 |= (uint8_t)UART1_CR2_TEN;  
      000246 AA 08            [ 1]  415 	or	a, #0x08
      000248 C7 52 35         [ 1]  416 	ld	0x5235, a
      00024B 20 05            [ 2]  417 	jra	00103$
      00024D                        418 00102$:
                                    419 ;	../../../Libraries/STM8S_StdPeriph_Driver/src/stm8s_uart1.c: 153: UART1->CR2 &= (uint8_t)(~UART1_CR2_TEN);  
      00024D A4 F7            [ 1]  420 	and	a, #0xf7
      00024F C7 52 35         [ 1]  421 	ld	0x5235, a
      000252                        422 00103$:
                                    423 ;	../../../Libraries/STM8S_StdPeriph_Driver/src/stm8s_uart1.c: 138: UART1->CR2 &= (uint8_t)~(UART1_CR2_TEN | UART1_CR2_REN); 
      000252 C6 52 35         [ 1]  424 	ld	a, 0x5235
                                    425 ;	../../../Libraries/STM8S_StdPeriph_Driver/src/stm8s_uart1.c: 155: if ((uint8_t)(Mode & UART1_MODE_RX_ENABLE))
      000255 88               [ 1]  426 	push	a
      000256 7B 29            [ 1]  427 	ld	a, (0x29, sp)
      000258 A5 08            [ 1]  428 	bcp	a, #0x08
      00025A 84               [ 1]  429 	pop	a
      00025B 27 07            [ 1]  430 	jreq	00105$
                                    431 ;	../../../Libraries/STM8S_StdPeriph_Driver/src/stm8s_uart1.c: 158: UART1->CR2 |= (uint8_t)UART1_CR2_REN;  
      00025D AA 04            [ 1]  432 	or	a, #0x04
      00025F C7 52 35         [ 1]  433 	ld	0x5235, a
      000262 20 05            [ 2]  434 	jra	00106$
      000264                        435 00105$:
                                    436 ;	../../../Libraries/STM8S_StdPeriph_Driver/src/stm8s_uart1.c: 163: UART1->CR2 &= (uint8_t)(~UART1_CR2_REN);  
      000264 A4 FB            [ 1]  437 	and	a, #0xfb
      000266 C7 52 35         [ 1]  438 	ld	0x5235, a
      000269                        439 00106$:
                                    440 ;	../../../Libraries/STM8S_StdPeriph_Driver/src/stm8s_uart1.c: 111: UART1->CR3 &= (uint8_t)(~UART1_CR3_STOP);  
      000269 C6 52 36         [ 1]  441 	ld	a, 0x5236
                                    442 ;	../../../Libraries/STM8S_StdPeriph_Driver/src/stm8s_uart1.c: 167: if ((uint8_t)(SyncMode & UART1_SYNCMODE_CLOCK_DISABLE))
      00026C 0D 27            [ 1]  443 	tnz	(0x27, sp)
      00026E 2A 07            [ 1]  444 	jrpl	00108$
                                    445 ;	../../../Libraries/STM8S_StdPeriph_Driver/src/stm8s_uart1.c: 170: UART1->CR3 &= (uint8_t)(~UART1_CR3_CKEN); 
      000270 A4 F7            [ 1]  446 	and	a, #0xf7
      000272 C7 52 36         [ 1]  447 	ld	0x5236, a
      000275 20 0D            [ 2]  448 	jra	00110$
      000277                        449 00108$:
                                    450 ;	../../../Libraries/STM8S_StdPeriph_Driver/src/stm8s_uart1.c: 174: UART1->CR3 |= (uint8_t)((uint8_t)SyncMode & UART1_CR3_CKEN);
      000277 88               [ 1]  451 	push	a
      000278 7B 28            [ 1]  452 	ld	a, (0x28, sp)
      00027A A4 08            [ 1]  453 	and	a, #0x08
      00027C 6B 02            [ 1]  454 	ld	(0x02, sp), a
      00027E 84               [ 1]  455 	pop	a
      00027F 1A 01            [ 1]  456 	or	a, (0x01, sp)
      000281 C7 52 36         [ 1]  457 	ld	0x5236, a
      000284                        458 00110$:
                                    459 ;	../../../Libraries/STM8S_StdPeriph_Driver/src/stm8s_uart1.c: 176: }
      000284 5B 1D            [ 2]  460 	addw	sp, #29
      000286 81               [ 4]  461 	ret
                                    462 ;	../../../Libraries/STM8S_StdPeriph_Driver/src/stm8s_uart1.c: 184: void UART1_Cmd(FunctionalState NewState)
                                    463 ;	-----------------------------------------
                                    464 ;	 function UART1_Cmd
                                    465 ;	-----------------------------------------
      000287                        466 _UART1_Cmd:
                                    467 ;	../../../Libraries/STM8S_StdPeriph_Driver/src/stm8s_uart1.c: 189: UART1->CR1 &= (uint8_t)(~UART1_CR1_UARTD); 
      000287 C6 52 34         [ 1]  468 	ld	a, 0x5234
                                    469 ;	../../../Libraries/STM8S_StdPeriph_Driver/src/stm8s_uart1.c: 186: if (NewState != DISABLE)
      00028A 0D 03            [ 1]  470 	tnz	(0x03, sp)
      00028C 27 06            [ 1]  471 	jreq	00102$
                                    472 ;	../../../Libraries/STM8S_StdPeriph_Driver/src/stm8s_uart1.c: 189: UART1->CR1 &= (uint8_t)(~UART1_CR1_UARTD); 
      00028E A4 DF            [ 1]  473 	and	a, #0xdf
      000290 C7 52 34         [ 1]  474 	ld	0x5234, a
      000293 81               [ 4]  475 	ret
      000294                        476 00102$:
                                    477 ;	../../../Libraries/STM8S_StdPeriph_Driver/src/stm8s_uart1.c: 194: UART1->CR1 |= UART1_CR1_UARTD;  
      000294 AA 20            [ 1]  478 	or	a, #0x20
      000296 C7 52 34         [ 1]  479 	ld	0x5234, a
                                    480 ;	../../../Libraries/STM8S_StdPeriph_Driver/src/stm8s_uart1.c: 196: }
      000299 81               [ 4]  481 	ret
                                    482 ;	../../../Libraries/STM8S_StdPeriph_Driver/src/stm8s_uart1.c: 211: void UART1_ITConfig(UART1_IT_TypeDef UART1_IT, FunctionalState NewState)
                                    483 ;	-----------------------------------------
                                    484 ;	 function UART1_ITConfig
                                    485 ;	-----------------------------------------
      00029A                        486 _UART1_ITConfig:
      00029A 52 03            [ 2]  487 	sub	sp, #3
                                    488 ;	../../../Libraries/STM8S_StdPeriph_Driver/src/stm8s_uart1.c: 216: assert_param(IS_UART1_CONFIG_IT_OK(UART1_IT));
      00029C 1E 06            [ 2]  489 	ldw	x, (0x06, sp)
      00029E A3 01 00         [ 2]  490 	cpw	x, #0x0100
      0002A1 27 32            [ 1]  491 	jreq	00119$
      0002A3 1E 06            [ 2]  492 	ldw	x, (0x06, sp)
      0002A5 A3 02 77         [ 2]  493 	cpw	x, #0x0277
      0002A8 27 2B            [ 1]  494 	jreq	00119$
      0002AA 1E 06            [ 2]  495 	ldw	x, (0x06, sp)
      0002AC A3 02 66         [ 2]  496 	cpw	x, #0x0266
      0002AF 27 24            [ 1]  497 	jreq	00119$
      0002B1 1E 06            [ 2]  498 	ldw	x, (0x06, sp)
      0002B3 A3 02 05         [ 2]  499 	cpw	x, #0x0205
      0002B6 27 1D            [ 1]  500 	jreq	00119$
      0002B8 1E 06            [ 2]  501 	ldw	x, (0x06, sp)
      0002BA A3 02 44         [ 2]  502 	cpw	x, #0x0244
      0002BD 27 16            [ 1]  503 	jreq	00119$
      0002BF 1E 06            [ 2]  504 	ldw	x, (0x06, sp)
      0002C1 A3 03 46         [ 2]  505 	cpw	x, #0x0346
      0002C4 27 0F            [ 1]  506 	jreq	00119$
      0002C6 4B D8            [ 1]  507 	push	#0xd8
      0002C8 5F               [ 1]  508 	clrw	x
      0002C9 89               [ 2]  509 	pushw	x
      0002CA 4B 00            [ 1]  510 	push	#0x00
      0002CC 4Br00            [ 1]  511 	push	#<___str_0
      0002CE 4Bs00            [ 1]  512 	push	#(___str_0 >> 8)
      0002D0 CDr00r00         [ 4]  513 	call	_assert_failed
      0002D3 5B 06            [ 2]  514 	addw	sp, #6
      0002D5                        515 00119$:
                                    516 ;	../../../Libraries/STM8S_StdPeriph_Driver/src/stm8s_uart1.c: 217: assert_param(IS_FUNCTIONALSTATE_OK(NewState));
      0002D5 0D 08            [ 1]  517 	tnz	(0x08, sp)
      0002D7 27 14            [ 1]  518 	jreq	00136$
      0002D9 7B 08            [ 1]  519 	ld	a, (0x08, sp)
      0002DB 4A               [ 1]  520 	dec	a
      0002DC 27 0F            [ 1]  521 	jreq	00136$
      0002DE 4B D9            [ 1]  522 	push	#0xd9
      0002E0 5F               [ 1]  523 	clrw	x
      0002E1 89               [ 2]  524 	pushw	x
      0002E2 4B 00            [ 1]  525 	push	#0x00
      0002E4 4Br00            [ 1]  526 	push	#<___str_0
      0002E6 4Bs00            [ 1]  527 	push	#(___str_0 >> 8)
      0002E8 CDr00r00         [ 4]  528 	call	_assert_failed
      0002EB 5B 06            [ 2]  529 	addw	sp, #6
      0002ED                        530 00136$:
                                    531 ;	../../../Libraries/STM8S_StdPeriph_Driver/src/stm8s_uart1.c: 220: uartreg = (uint8_t)((uint16_t)UART1_IT >> 0x08);
      0002ED 7B 06            [ 1]  532 	ld	a, (0x06, sp)
      0002EF 97               [ 1]  533 	ld	xl, a
                                    534 ;	../../../Libraries/STM8S_StdPeriph_Driver/src/stm8s_uart1.c: 222: itpos = (uint8_t)((uint8_t)1 << (uint8_t)((uint8_t)UART1_IT & (uint8_t)0x0F));
      0002F0 7B 07            [ 1]  535 	ld	a, (0x07, sp)
      0002F2 A4 0F            [ 1]  536 	and	a, #0x0f
      0002F4 88               [ 1]  537 	push	a
      0002F5 A6 01            [ 1]  538 	ld	a, #0x01
      0002F7 6B 04            [ 1]  539 	ld	(0x04, sp), a
      0002F9 84               [ 1]  540 	pop	a
      0002FA 4D               [ 1]  541 	tnz	a
      0002FB 27 05            [ 1]  542 	jreq	00228$
      0002FD                        543 00227$:
      0002FD 08 03            [ 1]  544 	sll	(0x03, sp)
      0002FF 4A               [ 1]  545 	dec	a
      000300 26 FB            [ 1]  546 	jrne	00227$
      000302                        547 00228$:
                                    548 ;	../../../Libraries/STM8S_StdPeriph_Driver/src/stm8s_uart1.c: 227: if (uartreg == 0x01)
      000302 9F               [ 1]  549 	ld	a, xl
      000303 4A               [ 1]  550 	dec	a
      000304 26 05            [ 1]  551 	jrne	00230$
      000306 A6 01            [ 1]  552 	ld	a, #0x01
      000308 6B 02            [ 1]  553 	ld	(0x02, sp), a
      00030A C1                     554 	.byte 0xc1
      00030B                        555 00230$:
      00030B 0F 02            [ 1]  556 	clr	(0x02, sp)
      00030D                        557 00231$:
                                    558 ;	../../../Libraries/STM8S_StdPeriph_Driver/src/stm8s_uart1.c: 231: else if (uartreg == 0x02)
      00030D 9F               [ 1]  559 	ld	a, xl
      00030E A0 02            [ 1]  560 	sub	a, #0x02
      000310 26 02            [ 1]  561 	jrne	00233$
      000312 4C               [ 1]  562 	inc	a
      000313 21                     563 	.byte 0x21
      000314                        564 00233$:
      000314 4F               [ 1]  565 	clr	a
      000315                        566 00234$:
                                    567 ;	../../../Libraries/STM8S_StdPeriph_Driver/src/stm8s_uart1.c: 224: if (NewState != DISABLE)
      000315 0D 08            [ 1]  568 	tnz	(0x08, sp)
      000317 27 25            [ 1]  569 	jreq	00114$
                                    570 ;	../../../Libraries/STM8S_StdPeriph_Driver/src/stm8s_uart1.c: 227: if (uartreg == 0x01)
      000319 0D 02            [ 1]  571 	tnz	(0x02, sp)
      00031B 27 0A            [ 1]  572 	jreq	00105$
                                    573 ;	../../../Libraries/STM8S_StdPeriph_Driver/src/stm8s_uart1.c: 229: UART1->CR1 |= itpos;
      00031D C6 52 34         [ 1]  574 	ld	a, 0x5234
      000320 1A 03            [ 1]  575 	or	a, (0x03, sp)
      000322 C7 52 34         [ 1]  576 	ld	0x5234, a
      000325 20 41            [ 2]  577 	jra	00116$
      000327                        578 00105$:
                                    579 ;	../../../Libraries/STM8S_StdPeriph_Driver/src/stm8s_uart1.c: 231: else if (uartreg == 0x02)
      000327 4D               [ 1]  580 	tnz	a
      000328 27 0A            [ 1]  581 	jreq	00102$
                                    582 ;	../../../Libraries/STM8S_StdPeriph_Driver/src/stm8s_uart1.c: 233: UART1->CR2 |= itpos;
      00032A C6 52 35         [ 1]  583 	ld	a, 0x5235
      00032D 1A 03            [ 1]  584 	or	a, (0x03, sp)
      00032F C7 52 35         [ 1]  585 	ld	0x5235, a
      000332 20 34            [ 2]  586 	jra	00116$
      000334                        587 00102$:
                                    588 ;	../../../Libraries/STM8S_StdPeriph_Driver/src/stm8s_uart1.c: 237: UART1->CR4 |= itpos;
      000334 C6 52 37         [ 1]  589 	ld	a, 0x5237
      000337 1A 03            [ 1]  590 	or	a, (0x03, sp)
      000339 C7 52 37         [ 1]  591 	ld	0x5237, a
      00033C 20 2A            [ 2]  592 	jra	00116$
      00033E                        593 00114$:
                                    594 ;	../../../Libraries/STM8S_StdPeriph_Driver/src/stm8s_uart1.c: 245: UART1->CR1 &= (uint8_t)(~itpos);
      00033E 88               [ 1]  595 	push	a
      00033F 7B 04            [ 1]  596 	ld	a, (0x04, sp)
      000341 43               [ 1]  597 	cpl	a
      000342 6B 02            [ 1]  598 	ld	(0x02, sp), a
      000344 84               [ 1]  599 	pop	a
                                    600 ;	../../../Libraries/STM8S_StdPeriph_Driver/src/stm8s_uart1.c: 243: if (uartreg == 0x01)
      000345 0D 02            [ 1]  601 	tnz	(0x02, sp)
      000347 27 0A            [ 1]  602 	jreq	00111$
                                    603 ;	../../../Libraries/STM8S_StdPeriph_Driver/src/stm8s_uart1.c: 245: UART1->CR1 &= (uint8_t)(~itpos);
      000349 C6 52 34         [ 1]  604 	ld	a, 0x5234
      00034C 14 01            [ 1]  605 	and	a, (0x01, sp)
      00034E C7 52 34         [ 1]  606 	ld	0x5234, a
      000351 20 15            [ 2]  607 	jra	00116$
      000353                        608 00111$:
                                    609 ;	../../../Libraries/STM8S_StdPeriph_Driver/src/stm8s_uart1.c: 247: else if (uartreg == 0x02)
      000353 4D               [ 1]  610 	tnz	a
      000354 27 0A            [ 1]  611 	jreq	00108$
                                    612 ;	../../../Libraries/STM8S_StdPeriph_Driver/src/stm8s_uart1.c: 249: UART1->CR2 &= (uint8_t)(~itpos);
      000356 C6 52 35         [ 1]  613 	ld	a, 0x5235
      000359 14 01            [ 1]  614 	and	a, (0x01, sp)
      00035B C7 52 35         [ 1]  615 	ld	0x5235, a
      00035E 20 08            [ 2]  616 	jra	00116$
      000360                        617 00108$:
                                    618 ;	../../../Libraries/STM8S_StdPeriph_Driver/src/stm8s_uart1.c: 253: UART1->CR4 &= (uint8_t)(~itpos);
      000360 C6 52 37         [ 1]  619 	ld	a, 0x5237
      000363 14 01            [ 1]  620 	and	a, (0x01, sp)
      000365 C7 52 37         [ 1]  621 	ld	0x5237, a
      000368                        622 00116$:
                                    623 ;	../../../Libraries/STM8S_StdPeriph_Driver/src/stm8s_uart1.c: 257: }
      000368 5B 03            [ 2]  624 	addw	sp, #3
      00036A 81               [ 4]  625 	ret
                                    626 ;	../../../Libraries/STM8S_StdPeriph_Driver/src/stm8s_uart1.c: 265: void UART1_HalfDuplexCmd(FunctionalState NewState)
                                    627 ;	-----------------------------------------
                                    628 ;	 function UART1_HalfDuplexCmd
                                    629 ;	-----------------------------------------
      00036B                        630 _UART1_HalfDuplexCmd:
                                    631 ;	../../../Libraries/STM8S_StdPeriph_Driver/src/stm8s_uart1.c: 267: assert_param(IS_FUNCTIONALSTATE_OK(NewState));
      00036B 0D 03            [ 1]  632 	tnz	(0x03, sp)
      00036D 27 14            [ 1]  633 	jreq	00107$
      00036F 7B 03            [ 1]  634 	ld	a, (0x03, sp)
      000371 4A               [ 1]  635 	dec	a
      000372 27 0F            [ 1]  636 	jreq	00107$
      000374 4B 0B            [ 1]  637 	push	#0x0b
      000376 4B 01            [ 1]  638 	push	#0x01
      000378 5F               [ 1]  639 	clrw	x
      000379 89               [ 2]  640 	pushw	x
      00037A 4Br00            [ 1]  641 	push	#<___str_0
      00037C 4Bs00            [ 1]  642 	push	#(___str_0 >> 8)
      00037E CDr00r00         [ 4]  643 	call	_assert_failed
      000381 5B 06            [ 2]  644 	addw	sp, #6
      000383                        645 00107$:
                                    646 ;	../../../Libraries/STM8S_StdPeriph_Driver/src/stm8s_uart1.c: 271: UART1->CR5 |= UART1_CR5_HDSEL;  /**< UART1 Half Duplex Enable  */
      000383 C6 52 38         [ 1]  647 	ld	a, 0x5238
                                    648 ;	../../../Libraries/STM8S_StdPeriph_Driver/src/stm8s_uart1.c: 269: if (NewState != DISABLE)
      000386 0D 03            [ 1]  649 	tnz	(0x03, sp)
      000388 27 06            [ 1]  650 	jreq	00102$
                                    651 ;	../../../Libraries/STM8S_StdPeriph_Driver/src/stm8s_uart1.c: 271: UART1->CR5 |= UART1_CR5_HDSEL;  /**< UART1 Half Duplex Enable  */
      00038A AA 08            [ 1]  652 	or	a, #0x08
      00038C C7 52 38         [ 1]  653 	ld	0x5238, a
      00038F 81               [ 4]  654 	ret
      000390                        655 00102$:
                                    656 ;	../../../Libraries/STM8S_StdPeriph_Driver/src/stm8s_uart1.c: 275: UART1->CR5 &= (uint8_t)~UART1_CR5_HDSEL; /**< UART1 Half Duplex Disable */
      000390 A4 F7            [ 1]  657 	and	a, #0xf7
      000392 C7 52 38         [ 1]  658 	ld	0x5238, a
                                    659 ;	../../../Libraries/STM8S_StdPeriph_Driver/src/stm8s_uart1.c: 277: }
      000395 81               [ 4]  660 	ret
                                    661 ;	../../../Libraries/STM8S_StdPeriph_Driver/src/stm8s_uart1.c: 285: void UART1_IrDAConfig(UART1_IrDAMode_TypeDef UART1_IrDAMode)
                                    662 ;	-----------------------------------------
                                    663 ;	 function UART1_IrDAConfig
                                    664 ;	-----------------------------------------
      000396                        665 _UART1_IrDAConfig:
                                    666 ;	../../../Libraries/STM8S_StdPeriph_Driver/src/stm8s_uart1.c: 287: assert_param(IS_UART1_IRDAMODE_OK(UART1_IrDAMode));
      000396 7B 03            [ 1]  667 	ld	a, (0x03, sp)
      000398 4A               [ 1]  668 	dec	a
      000399 27 13            [ 1]  669 	jreq	00107$
      00039B 0D 03            [ 1]  670 	tnz	(0x03, sp)
      00039D 27 0F            [ 1]  671 	jreq	00107$
      00039F 4B 1F            [ 1]  672 	push	#0x1f
      0003A1 4B 01            [ 1]  673 	push	#0x01
      0003A3 5F               [ 1]  674 	clrw	x
      0003A4 89               [ 2]  675 	pushw	x
      0003A5 4Br00            [ 1]  676 	push	#<___str_0
      0003A7 4Bs00            [ 1]  677 	push	#(___str_0 >> 8)
      0003A9 CDr00r00         [ 4]  678 	call	_assert_failed
      0003AC 5B 06            [ 2]  679 	addw	sp, #6
      0003AE                        680 00107$:
                                    681 ;	../../../Libraries/STM8S_StdPeriph_Driver/src/stm8s_uart1.c: 291: UART1->CR5 |= UART1_CR5_IRLP;
      0003AE C6 52 38         [ 1]  682 	ld	a, 0x5238
                                    683 ;	../../../Libraries/STM8S_StdPeriph_Driver/src/stm8s_uart1.c: 289: if (UART1_IrDAMode != UART1_IRDAMODE_NORMAL)
      0003B1 0D 03            [ 1]  684 	tnz	(0x03, sp)
      0003B3 27 06            [ 1]  685 	jreq	00102$
                                    686 ;	../../../Libraries/STM8S_StdPeriph_Driver/src/stm8s_uart1.c: 291: UART1->CR5 |= UART1_CR5_IRLP;
      0003B5 AA 04            [ 1]  687 	or	a, #0x04
      0003B7 C7 52 38         [ 1]  688 	ld	0x5238, a
      0003BA 81               [ 4]  689 	ret
      0003BB                        690 00102$:
                                    691 ;	../../../Libraries/STM8S_StdPeriph_Driver/src/stm8s_uart1.c: 295: UART1->CR5 &= ((uint8_t)~UART1_CR5_IRLP);
      0003BB A4 FB            [ 1]  692 	and	a, #0xfb
      0003BD C7 52 38         [ 1]  693 	ld	0x5238, a
                                    694 ;	../../../Libraries/STM8S_StdPeriph_Driver/src/stm8s_uart1.c: 297: }
      0003C0 81               [ 4]  695 	ret
                                    696 ;	../../../Libraries/STM8S_StdPeriph_Driver/src/stm8s_uart1.c: 305: void UART1_IrDACmd(FunctionalState NewState)
                                    697 ;	-----------------------------------------
                                    698 ;	 function UART1_IrDACmd
                                    699 ;	-----------------------------------------
      0003C1                        700 _UART1_IrDACmd:
                                    701 ;	../../../Libraries/STM8S_StdPeriph_Driver/src/stm8s_uart1.c: 308: assert_param(IS_FUNCTIONALSTATE_OK(NewState));
      0003C1 0D 03            [ 1]  702 	tnz	(0x03, sp)
      0003C3 27 14            [ 1]  703 	jreq	00107$
      0003C5 7B 03            [ 1]  704 	ld	a, (0x03, sp)
      0003C7 4A               [ 1]  705 	dec	a
      0003C8 27 0F            [ 1]  706 	jreq	00107$
      0003CA 4B 34            [ 1]  707 	push	#0x34
      0003CC 4B 01            [ 1]  708 	push	#0x01
      0003CE 5F               [ 1]  709 	clrw	x
      0003CF 89               [ 2]  710 	pushw	x
      0003D0 4Br00            [ 1]  711 	push	#<___str_0
      0003D2 4Bs00            [ 1]  712 	push	#(___str_0 >> 8)
      0003D4 CDr00r00         [ 4]  713 	call	_assert_failed
      0003D7 5B 06            [ 2]  714 	addw	sp, #6
      0003D9                        715 00107$:
                                    716 ;	../../../Libraries/STM8S_StdPeriph_Driver/src/stm8s_uart1.c: 313: UART1->CR5 |= UART1_CR5_IREN;
      0003D9 C6 52 38         [ 1]  717 	ld	a, 0x5238
                                    718 ;	../../../Libraries/STM8S_StdPeriph_Driver/src/stm8s_uart1.c: 310: if (NewState != DISABLE)
      0003DC 0D 03            [ 1]  719 	tnz	(0x03, sp)
      0003DE 27 06            [ 1]  720 	jreq	00102$
                                    721 ;	../../../Libraries/STM8S_StdPeriph_Driver/src/stm8s_uart1.c: 313: UART1->CR5 |= UART1_CR5_IREN;
      0003E0 AA 02            [ 1]  722 	or	a, #0x02
      0003E2 C7 52 38         [ 1]  723 	ld	0x5238, a
      0003E5 81               [ 4]  724 	ret
      0003E6                        725 00102$:
                                    726 ;	../../../Libraries/STM8S_StdPeriph_Driver/src/stm8s_uart1.c: 318: UART1->CR5 &= ((uint8_t)~UART1_CR5_IREN);
      0003E6 A4 FD            [ 1]  727 	and	a, #0xfd
      0003E8 C7 52 38         [ 1]  728 	ld	0x5238, a
                                    729 ;	../../../Libraries/STM8S_StdPeriph_Driver/src/stm8s_uart1.c: 320: }
      0003EB 81               [ 4]  730 	ret
                                    731 ;	../../../Libraries/STM8S_StdPeriph_Driver/src/stm8s_uart1.c: 329: void UART1_LINBreakDetectionConfig(UART1_LINBreakDetectionLength_TypeDef UART1_LINBreakDetectionLength)
                                    732 ;	-----------------------------------------
                                    733 ;	 function UART1_LINBreakDetectionConfig
                                    734 ;	-----------------------------------------
      0003EC                        735 _UART1_LINBreakDetectionConfig:
                                    736 ;	../../../Libraries/STM8S_StdPeriph_Driver/src/stm8s_uart1.c: 331: assert_param(IS_UART1_LINBREAKDETECTIONLENGTH_OK(UART1_LINBreakDetectionLength));
      0003EC 0D 03            [ 1]  737 	tnz	(0x03, sp)
      0003EE 27 14            [ 1]  738 	jreq	00107$
      0003F0 7B 03            [ 1]  739 	ld	a, (0x03, sp)
      0003F2 4A               [ 1]  740 	dec	a
      0003F3 27 0F            [ 1]  741 	jreq	00107$
      0003F5 4B 4B            [ 1]  742 	push	#0x4b
      0003F7 4B 01            [ 1]  743 	push	#0x01
      0003F9 5F               [ 1]  744 	clrw	x
      0003FA 89               [ 2]  745 	pushw	x
      0003FB 4Br00            [ 1]  746 	push	#<___str_0
      0003FD 4Bs00            [ 1]  747 	push	#(___str_0 >> 8)
      0003FF CDr00r00         [ 4]  748 	call	_assert_failed
      000402 5B 06            [ 2]  749 	addw	sp, #6
      000404                        750 00107$:
                                    751 ;	../../../Libraries/STM8S_StdPeriph_Driver/src/stm8s_uart1.c: 335: UART1->CR4 |= UART1_CR4_LBDL;
      000404 C6 52 37         [ 1]  752 	ld	a, 0x5237
                                    753 ;	../../../Libraries/STM8S_StdPeriph_Driver/src/stm8s_uart1.c: 333: if (UART1_LINBreakDetectionLength != UART1_LINBREAKDETECTIONLENGTH_10BITS)
      000407 0D 03            [ 1]  754 	tnz	(0x03, sp)
      000409 27 06            [ 1]  755 	jreq	00102$
                                    756 ;	../../../Libraries/STM8S_StdPeriph_Driver/src/stm8s_uart1.c: 335: UART1->CR4 |= UART1_CR4_LBDL;
      00040B AA 20            [ 1]  757 	or	a, #0x20
      00040D C7 52 37         [ 1]  758 	ld	0x5237, a
      000410 81               [ 4]  759 	ret
      000411                        760 00102$:
                                    761 ;	../../../Libraries/STM8S_StdPeriph_Driver/src/stm8s_uart1.c: 339: UART1->CR4 &= ((uint8_t)~UART1_CR4_LBDL);
      000411 A4 DF            [ 1]  762 	and	a, #0xdf
      000413 C7 52 37         [ 1]  763 	ld	0x5237, a
                                    764 ;	../../../Libraries/STM8S_StdPeriph_Driver/src/stm8s_uart1.c: 341: }
      000416 81               [ 4]  765 	ret
                                    766 ;	../../../Libraries/STM8S_StdPeriph_Driver/src/stm8s_uart1.c: 349: void UART1_LINCmd(FunctionalState NewState)
                                    767 ;	-----------------------------------------
                                    768 ;	 function UART1_LINCmd
                                    769 ;	-----------------------------------------
      000417                        770 _UART1_LINCmd:
                                    771 ;	../../../Libraries/STM8S_StdPeriph_Driver/src/stm8s_uart1.c: 351: assert_param(IS_FUNCTIONALSTATE_OK(NewState));
      000417 0D 03            [ 1]  772 	tnz	(0x03, sp)
      000419 27 14            [ 1]  773 	jreq	00107$
      00041B 7B 03            [ 1]  774 	ld	a, (0x03, sp)
      00041D 4A               [ 1]  775 	dec	a
      00041E 27 0F            [ 1]  776 	jreq	00107$
      000420 4B 5F            [ 1]  777 	push	#0x5f
      000422 4B 01            [ 1]  778 	push	#0x01
      000424 5F               [ 1]  779 	clrw	x
      000425 89               [ 2]  780 	pushw	x
      000426 4Br00            [ 1]  781 	push	#<___str_0
      000428 4Bs00            [ 1]  782 	push	#(___str_0 >> 8)
      00042A CDr00r00         [ 4]  783 	call	_assert_failed
      00042D 5B 06            [ 2]  784 	addw	sp, #6
      00042F                        785 00107$:
                                    786 ;	../../../Libraries/STM8S_StdPeriph_Driver/src/stm8s_uart1.c: 356: UART1->CR3 |= UART1_CR3_LINEN;
      00042F C6 52 36         [ 1]  787 	ld	a, 0x5236
                                    788 ;	../../../Libraries/STM8S_StdPeriph_Driver/src/stm8s_uart1.c: 353: if (NewState != DISABLE)
      000432 0D 03            [ 1]  789 	tnz	(0x03, sp)
      000434 27 06            [ 1]  790 	jreq	00102$
                                    791 ;	../../../Libraries/STM8S_StdPeriph_Driver/src/stm8s_uart1.c: 356: UART1->CR3 |= UART1_CR3_LINEN;
      000436 AA 40            [ 1]  792 	or	a, #0x40
      000438 C7 52 36         [ 1]  793 	ld	0x5236, a
      00043B 81               [ 4]  794 	ret
      00043C                        795 00102$:
                                    796 ;	../../../Libraries/STM8S_StdPeriph_Driver/src/stm8s_uart1.c: 361: UART1->CR3 &= ((uint8_t)~UART1_CR3_LINEN);
      00043C A4 BF            [ 1]  797 	and	a, #0xbf
      00043E C7 52 36         [ 1]  798 	ld	0x5236, a
                                    799 ;	../../../Libraries/STM8S_StdPeriph_Driver/src/stm8s_uart1.c: 363: }
      000441 81               [ 4]  800 	ret
                                    801 ;	../../../Libraries/STM8S_StdPeriph_Driver/src/stm8s_uart1.c: 371: void UART1_SmartCardCmd(FunctionalState NewState)
                                    802 ;	-----------------------------------------
                                    803 ;	 function UART1_SmartCardCmd
                                    804 ;	-----------------------------------------
      000442                        805 _UART1_SmartCardCmd:
                                    806 ;	../../../Libraries/STM8S_StdPeriph_Driver/src/stm8s_uart1.c: 373: assert_param(IS_FUNCTIONALSTATE_OK(NewState));
      000442 0D 03            [ 1]  807 	tnz	(0x03, sp)
      000444 27 14            [ 1]  808 	jreq	00107$
      000446 7B 03            [ 1]  809 	ld	a, (0x03, sp)
      000448 4A               [ 1]  810 	dec	a
      000449 27 0F            [ 1]  811 	jreq	00107$
      00044B 4B 75            [ 1]  812 	push	#0x75
      00044D 4B 01            [ 1]  813 	push	#0x01
      00044F 5F               [ 1]  814 	clrw	x
      000450 89               [ 2]  815 	pushw	x
      000451 4Br00            [ 1]  816 	push	#<___str_0
      000453 4Bs00            [ 1]  817 	push	#(___str_0 >> 8)
      000455 CDr00r00         [ 4]  818 	call	_assert_failed
      000458 5B 06            [ 2]  819 	addw	sp, #6
      00045A                        820 00107$:
                                    821 ;	../../../Libraries/STM8S_StdPeriph_Driver/src/stm8s_uart1.c: 378: UART1->CR5 |= UART1_CR5_SCEN;
      00045A C6 52 38         [ 1]  822 	ld	a, 0x5238
                                    823 ;	../../../Libraries/STM8S_StdPeriph_Driver/src/stm8s_uart1.c: 375: if (NewState != DISABLE)
      00045D 0D 03            [ 1]  824 	tnz	(0x03, sp)
      00045F 27 06            [ 1]  825 	jreq	00102$
                                    826 ;	../../../Libraries/STM8S_StdPeriph_Driver/src/stm8s_uart1.c: 378: UART1->CR5 |= UART1_CR5_SCEN;
      000461 AA 20            [ 1]  827 	or	a, #0x20
      000463 C7 52 38         [ 1]  828 	ld	0x5238, a
      000466 81               [ 4]  829 	ret
      000467                        830 00102$:
                                    831 ;	../../../Libraries/STM8S_StdPeriph_Driver/src/stm8s_uart1.c: 383: UART1->CR5 &= ((uint8_t)(~UART1_CR5_SCEN));
      000467 A4 DF            [ 1]  832 	and	a, #0xdf
      000469 C7 52 38         [ 1]  833 	ld	0x5238, a
                                    834 ;	../../../Libraries/STM8S_StdPeriph_Driver/src/stm8s_uart1.c: 385: }
      00046C 81               [ 4]  835 	ret
                                    836 ;	../../../Libraries/STM8S_StdPeriph_Driver/src/stm8s_uart1.c: 394: void UART1_SmartCardNACKCmd(FunctionalState NewState)
                                    837 ;	-----------------------------------------
                                    838 ;	 function UART1_SmartCardNACKCmd
                                    839 ;	-----------------------------------------
      00046D                        840 _UART1_SmartCardNACKCmd:
                                    841 ;	../../../Libraries/STM8S_StdPeriph_Driver/src/stm8s_uart1.c: 396: assert_param(IS_FUNCTIONALSTATE_OK(NewState));
      00046D 0D 03            [ 1]  842 	tnz	(0x03, sp)
      00046F 27 14            [ 1]  843 	jreq	00107$
      000471 7B 03            [ 1]  844 	ld	a, (0x03, sp)
      000473 4A               [ 1]  845 	dec	a
      000474 27 0F            [ 1]  846 	jreq	00107$
      000476 4B 8C            [ 1]  847 	push	#0x8c
      000478 4B 01            [ 1]  848 	push	#0x01
      00047A 5F               [ 1]  849 	clrw	x
      00047B 89               [ 2]  850 	pushw	x
      00047C 4Br00            [ 1]  851 	push	#<___str_0
      00047E 4Bs00            [ 1]  852 	push	#(___str_0 >> 8)
      000480 CDr00r00         [ 4]  853 	call	_assert_failed
      000483 5B 06            [ 2]  854 	addw	sp, #6
      000485                        855 00107$:
                                    856 ;	../../../Libraries/STM8S_StdPeriph_Driver/src/stm8s_uart1.c: 401: UART1->CR5 |= UART1_CR5_NACK;
      000485 C6 52 38         [ 1]  857 	ld	a, 0x5238
                                    858 ;	../../../Libraries/STM8S_StdPeriph_Driver/src/stm8s_uart1.c: 398: if (NewState != DISABLE)
      000488 0D 03            [ 1]  859 	tnz	(0x03, sp)
      00048A 27 06            [ 1]  860 	jreq	00102$
                                    861 ;	../../../Libraries/STM8S_StdPeriph_Driver/src/stm8s_uart1.c: 401: UART1->CR5 |= UART1_CR5_NACK;
      00048C AA 10            [ 1]  862 	or	a, #0x10
      00048E C7 52 38         [ 1]  863 	ld	0x5238, a
      000491 81               [ 4]  864 	ret
      000492                        865 00102$:
                                    866 ;	../../../Libraries/STM8S_StdPeriph_Driver/src/stm8s_uart1.c: 406: UART1->CR5 &= ((uint8_t)~(UART1_CR5_NACK));
      000492 A4 EF            [ 1]  867 	and	a, #0xef
      000494 C7 52 38         [ 1]  868 	ld	0x5238, a
                                    869 ;	../../../Libraries/STM8S_StdPeriph_Driver/src/stm8s_uart1.c: 408: }
      000497 81               [ 4]  870 	ret
                                    871 ;	../../../Libraries/STM8S_StdPeriph_Driver/src/stm8s_uart1.c: 416: void UART1_WakeUpConfig(UART1_WakeUp_TypeDef UART1_WakeUp)
                                    872 ;	-----------------------------------------
                                    873 ;	 function UART1_WakeUpConfig
                                    874 ;	-----------------------------------------
      000498                        875 _UART1_WakeUpConfig:
                                    876 ;	../../../Libraries/STM8S_StdPeriph_Driver/src/stm8s_uart1.c: 418: assert_param(IS_UART1_WAKEUP_OK(UART1_WakeUp));
      000498 0D 03            [ 1]  877 	tnz	(0x03, sp)
      00049A 27 15            [ 1]  878 	jreq	00104$
      00049C 7B 03            [ 1]  879 	ld	a, (0x03, sp)
      00049E A1 08            [ 1]  880 	cp	a, #0x08
      0004A0 27 0F            [ 1]  881 	jreq	00104$
      0004A2 4B A2            [ 1]  882 	push	#0xa2
      0004A4 4B 01            [ 1]  883 	push	#0x01
      0004A6 5F               [ 1]  884 	clrw	x
      0004A7 89               [ 2]  885 	pushw	x
      0004A8 4Br00            [ 1]  886 	push	#<___str_0
      0004AA 4Bs00            [ 1]  887 	push	#(___str_0 >> 8)
      0004AC CDr00r00         [ 4]  888 	call	_assert_failed
      0004AF 5B 06            [ 2]  889 	addw	sp, #6
      0004B1                        890 00104$:
                                    891 ;	../../../Libraries/STM8S_StdPeriph_Driver/src/stm8s_uart1.c: 420: UART1->CR1 &= ((uint8_t)~UART1_CR1_WAKE);
      0004B1 72 17 52 34      [ 1]  892 	bres	21044, #3
                                    893 ;	../../../Libraries/STM8S_StdPeriph_Driver/src/stm8s_uart1.c: 421: UART1->CR1 |= (uint8_t)UART1_WakeUp;
      0004B5 C6 52 34         [ 1]  894 	ld	a, 0x5234
      0004B8 1A 03            [ 1]  895 	or	a, (0x03, sp)
      0004BA C7 52 34         [ 1]  896 	ld	0x5234, a
                                    897 ;	../../../Libraries/STM8S_StdPeriph_Driver/src/stm8s_uart1.c: 422: }
      0004BD 81               [ 4]  898 	ret
                                    899 ;	../../../Libraries/STM8S_StdPeriph_Driver/src/stm8s_uart1.c: 430: void UART1_ReceiverWakeUpCmd(FunctionalState NewState)
                                    900 ;	-----------------------------------------
                                    901 ;	 function UART1_ReceiverWakeUpCmd
                                    902 ;	-----------------------------------------
      0004BE                        903 _UART1_ReceiverWakeUpCmd:
                                    904 ;	../../../Libraries/STM8S_StdPeriph_Driver/src/stm8s_uart1.c: 432: assert_param(IS_FUNCTIONALSTATE_OK(NewState));
      0004BE 0D 03            [ 1]  905 	tnz	(0x03, sp)
      0004C0 27 14            [ 1]  906 	jreq	00107$
      0004C2 7B 03            [ 1]  907 	ld	a, (0x03, sp)
      0004C4 4A               [ 1]  908 	dec	a
      0004C5 27 0F            [ 1]  909 	jreq	00107$
      0004C7 4B B0            [ 1]  910 	push	#0xb0
      0004C9 4B 01            [ 1]  911 	push	#0x01
      0004CB 5F               [ 1]  912 	clrw	x
      0004CC 89               [ 2]  913 	pushw	x
      0004CD 4Br00            [ 1]  914 	push	#<___str_0
      0004CF 4Bs00            [ 1]  915 	push	#(___str_0 >> 8)
      0004D1 CDr00r00         [ 4]  916 	call	_assert_failed
      0004D4 5B 06            [ 2]  917 	addw	sp, #6
      0004D6                        918 00107$:
                                    919 ;	../../../Libraries/STM8S_StdPeriph_Driver/src/stm8s_uart1.c: 437: UART1->CR2 |= UART1_CR2_RWU;
      0004D6 C6 52 35         [ 1]  920 	ld	a, 0x5235
                                    921 ;	../../../Libraries/STM8S_StdPeriph_Driver/src/stm8s_uart1.c: 434: if (NewState != DISABLE)
      0004D9 0D 03            [ 1]  922 	tnz	(0x03, sp)
      0004DB 27 06            [ 1]  923 	jreq	00102$
                                    924 ;	../../../Libraries/STM8S_StdPeriph_Driver/src/stm8s_uart1.c: 437: UART1->CR2 |= UART1_CR2_RWU;
      0004DD AA 02            [ 1]  925 	or	a, #0x02
      0004DF C7 52 35         [ 1]  926 	ld	0x5235, a
      0004E2 81               [ 4]  927 	ret
      0004E3                        928 00102$:
                                    929 ;	../../../Libraries/STM8S_StdPeriph_Driver/src/stm8s_uart1.c: 442: UART1->CR2 &= ((uint8_t)~UART1_CR2_RWU);
      0004E3 A4 FD            [ 1]  930 	and	a, #0xfd
      0004E5 C7 52 35         [ 1]  931 	ld	0x5235, a
                                    932 ;	../../../Libraries/STM8S_StdPeriph_Driver/src/stm8s_uart1.c: 444: }
      0004E8 81               [ 4]  933 	ret
                                    934 ;	../../../Libraries/STM8S_StdPeriph_Driver/src/stm8s_uart1.c: 451: uint8_t UART1_ReceiveData8(void)
                                    935 ;	-----------------------------------------
                                    936 ;	 function UART1_ReceiveData8
                                    937 ;	-----------------------------------------
      0004E9                        938 _UART1_ReceiveData8:
                                    939 ;	../../../Libraries/STM8S_StdPeriph_Driver/src/stm8s_uart1.c: 453: return ((uint8_t)UART1->DR);
      0004E9 C6 52 31         [ 1]  940 	ld	a, 0x5231
                                    941 ;	../../../Libraries/STM8S_StdPeriph_Driver/src/stm8s_uart1.c: 454: }
      0004EC 81               [ 4]  942 	ret
                                    943 ;	../../../Libraries/STM8S_StdPeriph_Driver/src/stm8s_uart1.c: 461: uint16_t UART1_ReceiveData9(void)
                                    944 ;	-----------------------------------------
                                    945 ;	 function UART1_ReceiveData9
                                    946 ;	-----------------------------------------
      0004ED                        947 _UART1_ReceiveData9:
      0004ED 89               [ 2]  948 	pushw	x
                                    949 ;	../../../Libraries/STM8S_StdPeriph_Driver/src/stm8s_uart1.c: 465: temp = (uint16_t)(((uint16_t)( (uint16_t)UART1->CR1 & (uint16_t)UART1_CR1_R8)) << 1);
      0004EE C6 52 34         [ 1]  950 	ld	a, 0x5234
      0004F1 A4 80            [ 1]  951 	and	a, #0x80
      0004F3 97               [ 1]  952 	ld	xl, a
      0004F4 4F               [ 1]  953 	clr	a
      0004F5 95               [ 1]  954 	ld	xh, a
      0004F6 58               [ 2]  955 	sllw	x
                                    956 ;	../../../Libraries/STM8S_StdPeriph_Driver/src/stm8s_uart1.c: 466: return (uint16_t)( (((uint16_t) UART1->DR) | temp ) & ((uint16_t)0x01FF));
      0004F7 C6 52 31         [ 1]  957 	ld	a, 0x5231
      0004FA 6B 02            [ 1]  958 	ld	(0x02, sp), a
      0004FC 0F 01            [ 1]  959 	clr	(0x01, sp)
      0004FE 9F               [ 1]  960 	ld	a, xl
      0004FF 1A 02            [ 1]  961 	or	a, (0x02, sp)
      000501 02               [ 1]  962 	rlwa	x
      000502 1A 01            [ 1]  963 	or	a, (0x01, sp)
      000504 A4 01            [ 1]  964 	and	a, #0x01
      000506 95               [ 1]  965 	ld	xh, a
                                    966 ;	../../../Libraries/STM8S_StdPeriph_Driver/src/stm8s_uart1.c: 467: }
      000507 5B 02            [ 2]  967 	addw	sp, #2
      000509 81               [ 4]  968 	ret
                                    969 ;	../../../Libraries/STM8S_StdPeriph_Driver/src/stm8s_uart1.c: 474: void UART1_SendData8(uint8_t Data)
                                    970 ;	-----------------------------------------
                                    971 ;	 function UART1_SendData8
                                    972 ;	-----------------------------------------
      00050A                        973 _UART1_SendData8:
                                    974 ;	../../../Libraries/STM8S_StdPeriph_Driver/src/stm8s_uart1.c: 477: UART1->DR = Data;
      00050A AE 52 31         [ 2]  975 	ldw	x, #0x5231
      00050D 7B 03            [ 1]  976 	ld	a, (0x03, sp)
      00050F F7               [ 1]  977 	ld	(x), a
                                    978 ;	../../../Libraries/STM8S_StdPeriph_Driver/src/stm8s_uart1.c: 478: }
      000510 81               [ 4]  979 	ret
                                    980 ;	../../../Libraries/STM8S_StdPeriph_Driver/src/stm8s_uart1.c: 486: void UART1_SendData9(uint16_t Data)
                                    981 ;	-----------------------------------------
                                    982 ;	 function UART1_SendData9
                                    983 ;	-----------------------------------------
      000511                        984 _UART1_SendData9:
      000511 88               [ 1]  985 	push	a
                                    986 ;	../../../Libraries/STM8S_StdPeriph_Driver/src/stm8s_uart1.c: 489: UART1->CR1 &= ((uint8_t)~UART1_CR1_T8);
      000512 72 1D 52 34      [ 1]  987 	bres	21044, #6
                                    988 ;	../../../Libraries/STM8S_StdPeriph_Driver/src/stm8s_uart1.c: 491: UART1->CR1 |= (uint8_t)(((uint8_t)(Data >> 2)) & UART1_CR1_T8);
      000516 C6 52 34         [ 1]  989 	ld	a, 0x5234
      000519 6B 01            [ 1]  990 	ld	(0x01, sp), a
      00051B 1E 04            [ 2]  991 	ldw	x, (0x04, sp)
      00051D 54               [ 2]  992 	srlw	x
      00051E 54               [ 2]  993 	srlw	x
      00051F 9F               [ 1]  994 	ld	a, xl
      000520 A4 40            [ 1]  995 	and	a, #0x40
      000522 1A 01            [ 1]  996 	or	a, (0x01, sp)
      000524 C7 52 34         [ 1]  997 	ld	0x5234, a
                                    998 ;	../../../Libraries/STM8S_StdPeriph_Driver/src/stm8s_uart1.c: 493: UART1->DR   = (uint8_t)(Data);
      000527 7B 05            [ 1]  999 	ld	a, (0x05, sp)
      000529 C7 52 31         [ 1] 1000 	ld	0x5231, a
                                   1001 ;	../../../Libraries/STM8S_StdPeriph_Driver/src/stm8s_uart1.c: 494: }
      00052C 84               [ 1] 1002 	pop	a
      00052D 81               [ 4] 1003 	ret
                                   1004 ;	../../../Libraries/STM8S_StdPeriph_Driver/src/stm8s_uart1.c: 501: void UART1_SendBreak(void)
                                   1005 ;	-----------------------------------------
                                   1006 ;	 function UART1_SendBreak
                                   1007 ;	-----------------------------------------
      00052E                       1008 _UART1_SendBreak:
                                   1009 ;	../../../Libraries/STM8S_StdPeriph_Driver/src/stm8s_uart1.c: 503: UART1->CR2 |= UART1_CR2_SBK;
      00052E 72 10 52 35      [ 1] 1010 	bset	21045, #0
                                   1011 ;	../../../Libraries/STM8S_StdPeriph_Driver/src/stm8s_uart1.c: 504: }
      000532 81               [ 4] 1012 	ret
                                   1013 ;	../../../Libraries/STM8S_StdPeriph_Driver/src/stm8s_uart1.c: 511: void UART1_SetAddress(uint8_t UART1_Address)
                                   1014 ;	-----------------------------------------
                                   1015 ;	 function UART1_SetAddress
                                   1016 ;	-----------------------------------------
      000533                       1017 _UART1_SetAddress:
                                   1018 ;	../../../Libraries/STM8S_StdPeriph_Driver/src/stm8s_uart1.c: 514: assert_param(IS_UART1_ADDRESS_OK(UART1_Address));
      000533 7B 03            [ 1] 1019 	ld	a, (0x03, sp)
      000535 A1 10            [ 1] 1020 	cp	a, #0x10
      000537 25 0F            [ 1] 1021 	jrc	00104$
      000539 4B 02            [ 1] 1022 	push	#0x02
      00053B 4B 02            [ 1] 1023 	push	#0x02
      00053D 5F               [ 1] 1024 	clrw	x
      00053E 89               [ 2] 1025 	pushw	x
      00053F 4Br00            [ 1] 1026 	push	#<___str_0
      000541 4Bs00            [ 1] 1027 	push	#(___str_0 >> 8)
      000543 CDr00r00         [ 4] 1028 	call	_assert_failed
      000546 5B 06            [ 2] 1029 	addw	sp, #6
      000548                       1030 00104$:
                                   1031 ;	../../../Libraries/STM8S_StdPeriph_Driver/src/stm8s_uart1.c: 517: UART1->CR4 &= ((uint8_t)~UART1_CR4_ADD);
      000548 C6 52 37         [ 1] 1032 	ld	a, 0x5237
      00054B A4 F0            [ 1] 1033 	and	a, #0xf0
      00054D C7 52 37         [ 1] 1034 	ld	0x5237, a
                                   1035 ;	../../../Libraries/STM8S_StdPeriph_Driver/src/stm8s_uart1.c: 519: UART1->CR4 |= UART1_Address;
      000550 C6 52 37         [ 1] 1036 	ld	a, 0x5237
      000553 1A 03            [ 1] 1037 	or	a, (0x03, sp)
      000555 C7 52 37         [ 1] 1038 	ld	0x5237, a
                                   1039 ;	../../../Libraries/STM8S_StdPeriph_Driver/src/stm8s_uart1.c: 520: }
      000558 81               [ 4] 1040 	ret
                                   1041 ;	../../../Libraries/STM8S_StdPeriph_Driver/src/stm8s_uart1.c: 528: void UART1_SetGuardTime(uint8_t UART1_GuardTime)
                                   1042 ;	-----------------------------------------
                                   1043 ;	 function UART1_SetGuardTime
                                   1044 ;	-----------------------------------------
      000559                       1045 _UART1_SetGuardTime:
                                   1046 ;	../../../Libraries/STM8S_StdPeriph_Driver/src/stm8s_uart1.c: 531: UART1->GTR = UART1_GuardTime;
      000559 AE 52 39         [ 2] 1047 	ldw	x, #0x5239
      00055C 7B 03            [ 1] 1048 	ld	a, (0x03, sp)
      00055E F7               [ 1] 1049 	ld	(x), a
                                   1050 ;	../../../Libraries/STM8S_StdPeriph_Driver/src/stm8s_uart1.c: 532: }
      00055F 81               [ 4] 1051 	ret
                                   1052 ;	../../../Libraries/STM8S_StdPeriph_Driver/src/stm8s_uart1.c: 556: void UART1_SetPrescaler(uint8_t UART1_Prescaler)
                                   1053 ;	-----------------------------------------
                                   1054 ;	 function UART1_SetPrescaler
                                   1055 ;	-----------------------------------------
      000560                       1056 _UART1_SetPrescaler:
                                   1057 ;	../../../Libraries/STM8S_StdPeriph_Driver/src/stm8s_uart1.c: 559: UART1->PSCR = UART1_Prescaler;
      000560 AE 52 3A         [ 2] 1058 	ldw	x, #0x523a
      000563 7B 03            [ 1] 1059 	ld	a, (0x03, sp)
      000565 F7               [ 1] 1060 	ld	(x), a
                                   1061 ;	../../../Libraries/STM8S_StdPeriph_Driver/src/stm8s_uart1.c: 560: }
      000566 81               [ 4] 1062 	ret
                                   1063 ;	../../../Libraries/STM8S_StdPeriph_Driver/src/stm8s_uart1.c: 568: FlagStatus UART1_GetFlagStatus(UART1_Flag_TypeDef UART1_FLAG)
                                   1064 ;	-----------------------------------------
                                   1065 ;	 function UART1_GetFlagStatus
                                   1066 ;	-----------------------------------------
      000567                       1067 _UART1_GetFlagStatus:
      000567 89               [ 2] 1068 	pushw	x
                                   1069 ;	../../../Libraries/STM8S_StdPeriph_Driver/src/stm8s_uart1.c: 573: assert_param(IS_UART1_FLAG_OK(UART1_FLAG));
      000568 1E 05            [ 2] 1070 	ldw	x, (0x05, sp)
      00056A A3 01 01         [ 2] 1071 	cpw	x, #0x0101
      00056D 26 05            [ 1] 1072 	jrne	00223$
      00056F A6 01            [ 1] 1073 	ld	a, #0x01
      000571 6B 02            [ 1] 1074 	ld	(0x02, sp), a
      000573 C1                    1075 	.byte 0xc1
      000574                       1076 00223$:
      000574 0F 02            [ 1] 1077 	clr	(0x02, sp)
      000576                       1078 00224$:
      000576 1E 05            [ 2] 1079 	ldw	x, (0x05, sp)
      000578 A3 02 10         [ 2] 1080 	cpw	x, #0x0210
      00057B 26 03            [ 1] 1081 	jrne	00226$
      00057D A6 01            [ 1] 1082 	ld	a, #0x01
      00057F 21                    1083 	.byte 0x21
      000580                       1084 00226$:
      000580 4F               [ 1] 1085 	clr	a
      000581                       1086 00227$:
      000581 1E 05            [ 2] 1087 	ldw	x, (0x05, sp)
      000583 A3 00 80         [ 2] 1088 	cpw	x, #0x0080
      000586 27 47            [ 1] 1089 	jreq	00119$
      000588 1E 05            [ 2] 1090 	ldw	x, (0x05, sp)
      00058A A3 00 40         [ 2] 1091 	cpw	x, #0x0040
      00058D 27 40            [ 1] 1092 	jreq	00119$
      00058F 1E 05            [ 2] 1093 	ldw	x, (0x05, sp)
      000591 A3 00 20         [ 2] 1094 	cpw	x, #0x0020
      000594 27 39            [ 1] 1095 	jreq	00119$
      000596 1E 05            [ 2] 1096 	ldw	x, (0x05, sp)
      000598 A3 00 10         [ 2] 1097 	cpw	x, #0x0010
      00059B 27 32            [ 1] 1098 	jreq	00119$
      00059D 1E 05            [ 2] 1099 	ldw	x, (0x05, sp)
      00059F A3 00 08         [ 2] 1100 	cpw	x, #0x0008
      0005A2 27 2B            [ 1] 1101 	jreq	00119$
      0005A4 1E 05            [ 2] 1102 	ldw	x, (0x05, sp)
      0005A6 A3 00 04         [ 2] 1103 	cpw	x, #0x0004
      0005A9 27 24            [ 1] 1104 	jreq	00119$
      0005AB 1E 05            [ 2] 1105 	ldw	x, (0x05, sp)
      0005AD A3 00 02         [ 2] 1106 	cpw	x, #0x0002
      0005B0 27 1D            [ 1] 1107 	jreq	00119$
      0005B2 1E 05            [ 2] 1108 	ldw	x, (0x05, sp)
      0005B4 5A               [ 2] 1109 	decw	x
      0005B5 27 18            [ 1] 1110 	jreq	00119$
      0005B7 0D 02            [ 1] 1111 	tnz	(0x02, sp)
      0005B9 26 14            [ 1] 1112 	jrne	00119$
      0005BB 4D               [ 1] 1113 	tnz	a
      0005BC 26 11            [ 1] 1114 	jrne	00119$
      0005BE 88               [ 1] 1115 	push	a
      0005BF 4B 3D            [ 1] 1116 	push	#0x3d
      0005C1 4B 02            [ 1] 1117 	push	#0x02
      0005C3 5F               [ 1] 1118 	clrw	x
      0005C4 89               [ 2] 1119 	pushw	x
      0005C5 4Br00            [ 1] 1120 	push	#<___str_0
      0005C7 4Bs00            [ 1] 1121 	push	#(___str_0 >> 8)
      0005C9 CDr00r00         [ 4] 1122 	call	_assert_failed
      0005CC 5B 06            [ 2] 1123 	addw	sp, #6
      0005CE 84               [ 1] 1124 	pop	a
      0005CF                       1125 00119$:
                                   1126 ;	../../../Libraries/STM8S_StdPeriph_Driver/src/stm8s_uart1.c: 579: if ((UART1->CR4 & (uint8_t)UART1_FLAG) != (uint8_t)0x00)
      0005CF 88               [ 1] 1127 	push	a
      0005D0 7B 07            [ 1] 1128 	ld	a, (0x07, sp)
      0005D2 6B 02            [ 1] 1129 	ld	(0x02, sp), a
      0005D4 84               [ 1] 1130 	pop	a
                                   1131 ;	../../../Libraries/STM8S_StdPeriph_Driver/src/stm8s_uart1.c: 577: if (UART1_FLAG == UART1_FLAG_LBDF)
      0005D5 4D               [ 1] 1132 	tnz	a
      0005D6 27 0E            [ 1] 1133 	jreq	00114$
                                   1134 ;	../../../Libraries/STM8S_StdPeriph_Driver/src/stm8s_uart1.c: 579: if ((UART1->CR4 & (uint8_t)UART1_FLAG) != (uint8_t)0x00)
      0005D8 C6 52 37         [ 1] 1135 	ld	a, 0x5237
      0005DB 14 01            [ 1] 1136 	and	a, (0x01, sp)
      0005DD 27 04            [ 1] 1137 	jreq	00102$
                                   1138 ;	../../../Libraries/STM8S_StdPeriph_Driver/src/stm8s_uart1.c: 582: status = SET;
      0005DF A6 01            [ 1] 1139 	ld	a, #0x01
      0005E1 20 20            [ 2] 1140 	jra	00115$
      0005E3                       1141 00102$:
                                   1142 ;	../../../Libraries/STM8S_StdPeriph_Driver/src/stm8s_uart1.c: 587: status = RESET;
      0005E3 4F               [ 1] 1143 	clr	a
      0005E4 20 1D            [ 2] 1144 	jra	00115$
      0005E6                       1145 00114$:
                                   1146 ;	../../../Libraries/STM8S_StdPeriph_Driver/src/stm8s_uart1.c: 590: else if (UART1_FLAG == UART1_FLAG_SBK)
      0005E6 0D 02            [ 1] 1147 	tnz	(0x02, sp)
      0005E8 27 0E            [ 1] 1148 	jreq	00111$
                                   1149 ;	../../../Libraries/STM8S_StdPeriph_Driver/src/stm8s_uart1.c: 592: if ((UART1->CR2 & (uint8_t)UART1_FLAG) != (uint8_t)0x00)
      0005EA C6 52 35         [ 1] 1150 	ld	a, 0x5235
      0005ED 14 01            [ 1] 1151 	and	a, (0x01, sp)
      0005EF 27 04            [ 1] 1152 	jreq	00105$
                                   1153 ;	../../../Libraries/STM8S_StdPeriph_Driver/src/stm8s_uart1.c: 595: status = SET;
      0005F1 A6 01            [ 1] 1154 	ld	a, #0x01
      0005F3 20 0E            [ 2] 1155 	jra	00115$
      0005F5                       1156 00105$:
                                   1157 ;	../../../Libraries/STM8S_StdPeriph_Driver/src/stm8s_uart1.c: 600: status = RESET;
      0005F5 4F               [ 1] 1158 	clr	a
      0005F6 20 0B            [ 2] 1159 	jra	00115$
      0005F8                       1160 00111$:
                                   1161 ;	../../../Libraries/STM8S_StdPeriph_Driver/src/stm8s_uart1.c: 605: if ((UART1->SR & (uint8_t)UART1_FLAG) != (uint8_t)0x00)
      0005F8 C6 52 30         [ 1] 1162 	ld	a, 0x5230
      0005FB 14 01            [ 1] 1163 	and	a, (0x01, sp)
      0005FD 27 03            [ 1] 1164 	jreq	00108$
                                   1165 ;	../../../Libraries/STM8S_StdPeriph_Driver/src/stm8s_uart1.c: 608: status = SET;
      0005FF A6 01            [ 1] 1166 	ld	a, #0x01
                                   1167 ;	../../../Libraries/STM8S_StdPeriph_Driver/src/stm8s_uart1.c: 613: status = RESET;
      000601 21                    1168 	.byte 0x21
      000602                       1169 00108$:
      000602 4F               [ 1] 1170 	clr	a
      000603                       1171 00115$:
                                   1172 ;	../../../Libraries/STM8S_StdPeriph_Driver/src/stm8s_uart1.c: 617: return status;
                                   1173 ;	../../../Libraries/STM8S_StdPeriph_Driver/src/stm8s_uart1.c: 618: }
      000603 85               [ 2] 1174 	popw	x
      000604 81               [ 4] 1175 	ret
                                   1176 ;	../../../Libraries/STM8S_StdPeriph_Driver/src/stm8s_uart1.c: 646: void UART1_ClearFlag(UART1_Flag_TypeDef UART1_FLAG)
                                   1177 ;	-----------------------------------------
                                   1178 ;	 function UART1_ClearFlag
                                   1179 ;	-----------------------------------------
      000605                       1180 _UART1_ClearFlag:
                                   1181 ;	../../../Libraries/STM8S_StdPeriph_Driver/src/stm8s_uart1.c: 648: assert_param(IS_UART1_CLEAR_FLAG_OK(UART1_FLAG));
      000605 1E 03            [ 2] 1182 	ldw	x, (0x03, sp)
      000607 A3 00 20         [ 2] 1183 	cpw	x, #0x0020
      00060A 26 03            [ 1] 1184 	jrne	00127$
      00060C A6 01            [ 1] 1185 	ld	a, #0x01
      00060E 21                    1186 	.byte 0x21
      00060F                       1187 00127$:
      00060F 4F               [ 1] 1188 	clr	a
      000610                       1189 00128$:
      000610 4D               [ 1] 1190 	tnz	a
      000611 26 18            [ 1] 1191 	jrne	00107$
      000613 1E 03            [ 2] 1192 	ldw	x, (0x03, sp)
      000615 A3 02 10         [ 2] 1193 	cpw	x, #0x0210
      000618 27 11            [ 1] 1194 	jreq	00107$
      00061A 88               [ 1] 1195 	push	a
      00061B 4B 88            [ 1] 1196 	push	#0x88
      00061D 4B 02            [ 1] 1197 	push	#0x02
      00061F 5F               [ 1] 1198 	clrw	x
      000620 89               [ 2] 1199 	pushw	x
      000621 4Br00            [ 1] 1200 	push	#<___str_0
      000623 4Bs00            [ 1] 1201 	push	#(___str_0 >> 8)
      000625 CDr00r00         [ 4] 1202 	call	_assert_failed
      000628 5B 06            [ 2] 1203 	addw	sp, #6
      00062A 84               [ 1] 1204 	pop	a
      00062B                       1205 00107$:
                                   1206 ;	../../../Libraries/STM8S_StdPeriph_Driver/src/stm8s_uart1.c: 651: if (UART1_FLAG == UART1_FLAG_RXNE)
      00062B 4D               [ 1] 1207 	tnz	a
      00062C 27 05            [ 1] 1208 	jreq	00102$
                                   1209 ;	../../../Libraries/STM8S_StdPeriph_Driver/src/stm8s_uart1.c: 653: UART1->SR = (uint8_t)~(UART1_SR_RXNE);
      00062E 35 DF 52 30      [ 1] 1210 	mov	0x5230+0, #0xdf
      000632 81               [ 4] 1211 	ret
      000633                       1212 00102$:
                                   1213 ;	../../../Libraries/STM8S_StdPeriph_Driver/src/stm8s_uart1.c: 658: UART1->CR4 &= (uint8_t)~(UART1_CR4_LBDF);
      000633 72 19 52 37      [ 1] 1214 	bres	21047, #4
                                   1215 ;	../../../Libraries/STM8S_StdPeriph_Driver/src/stm8s_uart1.c: 660: }
      000637 81               [ 4] 1216 	ret
                                   1217 ;	../../../Libraries/STM8S_StdPeriph_Driver/src/stm8s_uart1.c: 675: ITStatus UART1_GetITStatus(UART1_IT_TypeDef UART1_IT)
                                   1218 ;	-----------------------------------------
                                   1219 ;	 function UART1_GetITStatus
                                   1220 ;	-----------------------------------------
      000638                       1221 _UART1_GetITStatus:
      000638 52 04            [ 2] 1222 	sub	sp, #4
                                   1223 ;	../../../Libraries/STM8S_StdPeriph_Driver/src/stm8s_uart1.c: 684: assert_param(IS_UART1_GET_IT_OK(UART1_IT));
      00063A 1E 07            [ 2] 1224 	ldw	x, (0x07, sp)
      00063C A3 03 46         [ 2] 1225 	cpw	x, #0x0346
      00063F 26 05            [ 1] 1226 	jrne	00217$
      000641 A6 01            [ 1] 1227 	ld	a, #0x01
      000643 6B 02            [ 1] 1228 	ld	(0x02, sp), a
      000645 C1                    1229 	.byte 0xc1
      000646                       1230 00217$:
      000646 0F 02            [ 1] 1231 	clr	(0x02, sp)
      000648                       1232 00218$:
      000648 1E 07            [ 2] 1233 	ldw	x, (0x07, sp)
      00064A A3 01 00         [ 2] 1234 	cpw	x, #0x0100
      00064D 26 05            [ 1] 1235 	jrne	00220$
      00064F A6 01            [ 1] 1236 	ld	a, #0x01
      000651 6B 01            [ 1] 1237 	ld	(0x01, sp), a
      000653 C1                    1238 	.byte 0xc1
      000654                       1239 00220$:
      000654 0F 01            [ 1] 1240 	clr	(0x01, sp)
      000656                       1241 00221$:
      000656 1E 07            [ 2] 1242 	ldw	x, (0x07, sp)
      000658 A3 02 77         [ 2] 1243 	cpw	x, #0x0277
      00065B 27 33            [ 1] 1244 	jreq	00122$
      00065D 1E 07            [ 2] 1245 	ldw	x, (0x07, sp)
      00065F A3 02 66         [ 2] 1246 	cpw	x, #0x0266
      000662 27 2C            [ 1] 1247 	jreq	00122$
      000664 1E 07            [ 2] 1248 	ldw	x, (0x07, sp)
      000666 A3 02 55         [ 2] 1249 	cpw	x, #0x0255
      000669 27 25            [ 1] 1250 	jreq	00122$
      00066B 1E 07            [ 2] 1251 	ldw	x, (0x07, sp)
      00066D A3 02 44         [ 2] 1252 	cpw	x, #0x0244
      000670 27 1E            [ 1] 1253 	jreq	00122$
      000672 1E 07            [ 2] 1254 	ldw	x, (0x07, sp)
      000674 A3 02 35         [ 2] 1255 	cpw	x, #0x0235
      000677 27 17            [ 1] 1256 	jreq	00122$
      000679 0D 02            [ 1] 1257 	tnz	(0x02, sp)
      00067B 26 13            [ 1] 1258 	jrne	00122$
      00067D 0D 01            [ 1] 1259 	tnz	(0x01, sp)
      00067F 26 0F            [ 1] 1260 	jrne	00122$
      000681 4B AC            [ 1] 1261 	push	#0xac
      000683 4B 02            [ 1] 1262 	push	#0x02
      000685 5F               [ 1] 1263 	clrw	x
      000686 89               [ 2] 1264 	pushw	x
      000687 4Br00            [ 1] 1265 	push	#<___str_0
      000689 4Bs00            [ 1] 1266 	push	#(___str_0 >> 8)
      00068B CDr00r00         [ 4] 1267 	call	_assert_failed
      00068E 5B 06            [ 2] 1268 	addw	sp, #6
      000690                       1269 00122$:
                                   1270 ;	../../../Libraries/STM8S_StdPeriph_Driver/src/stm8s_uart1.c: 687: itpos = (uint8_t)((uint8_t)1 << (uint8_t)((uint8_t)UART1_IT & (uint8_t)0x0F));
      000690 7B 08            [ 1] 1271 	ld	a, (0x08, sp)
      000692 97               [ 1] 1272 	ld	xl, a
      000693 A4 0F            [ 1] 1273 	and	a, #0x0f
      000695 88               [ 1] 1274 	push	a
      000696 A6 01            [ 1] 1275 	ld	a, #0x01
      000698 6B 05            [ 1] 1276 	ld	(0x05, sp), a
      00069A 84               [ 1] 1277 	pop	a
      00069B 4D               [ 1] 1278 	tnz	a
      00069C 27 05            [ 1] 1279 	jreq	00240$
      00069E                       1280 00239$:
      00069E 08 04            [ 1] 1281 	sll	(0x04, sp)
      0006A0 4A               [ 1] 1282 	dec	a
      0006A1 26 FB            [ 1] 1283 	jrne	00239$
      0006A3                       1284 00240$:
                                   1285 ;	../../../Libraries/STM8S_StdPeriph_Driver/src/stm8s_uart1.c: 689: itmask1 = (uint8_t)((uint8_t)UART1_IT >> (uint8_t)4);
      0006A3 9F               [ 1] 1286 	ld	a, xl
      0006A4 4E               [ 1] 1287 	swap	a
      0006A5 A4 0F            [ 1] 1288 	and	a, #0x0f
                                   1289 ;	../../../Libraries/STM8S_StdPeriph_Driver/src/stm8s_uart1.c: 691: itmask2 = (uint8_t)((uint8_t)1 << itmask1);
      0006A7 88               [ 1] 1290 	push	a
      0006A8 A6 01            [ 1] 1291 	ld	a, #0x01
      0006AA 6B 04            [ 1] 1292 	ld	(0x04, sp), a
      0006AC 84               [ 1] 1293 	pop	a
      0006AD 4D               [ 1] 1294 	tnz	a
      0006AE 27 05            [ 1] 1295 	jreq	00242$
      0006B0                       1296 00241$:
      0006B0 08 03            [ 1] 1297 	sll	(0x03, sp)
      0006B2 4A               [ 1] 1298 	dec	a
      0006B3 26 FB            [ 1] 1299 	jrne	00241$
      0006B5                       1300 00242$:
                                   1301 ;	../../../Libraries/STM8S_StdPeriph_Driver/src/stm8s_uart1.c: 695: if (UART1_IT == UART1_IT_PE)
      0006B5 0D 01            [ 1] 1302 	tnz	(0x01, sp)
      0006B7 27 18            [ 1] 1303 	jreq	00117$
                                   1304 ;	../../../Libraries/STM8S_StdPeriph_Driver/src/stm8s_uart1.c: 698: enablestatus = (uint8_t)((uint8_t)UART1->CR1 & itmask2);
      0006B9 C6 52 34         [ 1] 1305 	ld	a, 0x5234
      0006BC 14 03            [ 1] 1306 	and	a, (0x03, sp)
      0006BE 97               [ 1] 1307 	ld	xl, a
                                   1308 ;	../../../Libraries/STM8S_StdPeriph_Driver/src/stm8s_uart1.c: 701: if (((UART1->SR & itpos) != (uint8_t)0x00) && enablestatus)
      0006BF C6 52 30         [ 1] 1309 	ld	a, 0x5230
      0006C2 14 04            [ 1] 1310 	and	a, (0x04, sp)
      0006C4 27 08            [ 1] 1311 	jreq	00102$
      0006C6 9F               [ 1] 1312 	ld	a, xl
      0006C7 4D               [ 1] 1313 	tnz	a
      0006C8 27 04            [ 1] 1314 	jreq	00102$
                                   1315 ;	../../../Libraries/STM8S_StdPeriph_Driver/src/stm8s_uart1.c: 704: pendingbitstatus = SET;
      0006CA A6 01            [ 1] 1316 	ld	a, #0x01
      0006CC 20 34            [ 2] 1317 	jra	00118$
      0006CE                       1318 00102$:
                                   1319 ;	../../../Libraries/STM8S_StdPeriph_Driver/src/stm8s_uart1.c: 709: pendingbitstatus = RESET;
      0006CE 4F               [ 1] 1320 	clr	a
      0006CF 20 31            [ 2] 1321 	jra	00118$
      0006D1                       1322 00117$:
                                   1323 ;	../../../Libraries/STM8S_StdPeriph_Driver/src/stm8s_uart1.c: 713: else if (UART1_IT == UART1_IT_LBDF)
      0006D1 0D 02            [ 1] 1324 	tnz	(0x02, sp)
      0006D3 27 18            [ 1] 1325 	jreq	00114$
                                   1326 ;	../../../Libraries/STM8S_StdPeriph_Driver/src/stm8s_uart1.c: 716: enablestatus = (uint8_t)((uint8_t)UART1->CR4 & itmask2);
      0006D5 C6 52 37         [ 1] 1327 	ld	a, 0x5237
      0006D8 14 03            [ 1] 1328 	and	a, (0x03, sp)
      0006DA 97               [ 1] 1329 	ld	xl, a
                                   1330 ;	../../../Libraries/STM8S_StdPeriph_Driver/src/stm8s_uart1.c: 718: if (((UART1->CR4 & itpos) != (uint8_t)0x00) && enablestatus)
      0006DB C6 52 37         [ 1] 1331 	ld	a, 0x5237
      0006DE 14 04            [ 1] 1332 	and	a, (0x04, sp)
      0006E0 27 08            [ 1] 1333 	jreq	00106$
      0006E2 9F               [ 1] 1334 	ld	a, xl
      0006E3 4D               [ 1] 1335 	tnz	a
      0006E4 27 04            [ 1] 1336 	jreq	00106$
                                   1337 ;	../../../Libraries/STM8S_StdPeriph_Driver/src/stm8s_uart1.c: 721: pendingbitstatus = SET;
      0006E6 A6 01            [ 1] 1338 	ld	a, #0x01
      0006E8 20 18            [ 2] 1339 	jra	00118$
      0006EA                       1340 00106$:
                                   1341 ;	../../../Libraries/STM8S_StdPeriph_Driver/src/stm8s_uart1.c: 726: pendingbitstatus = RESET;
      0006EA 4F               [ 1] 1342 	clr	a
      0006EB 20 15            [ 2] 1343 	jra	00118$
      0006ED                       1344 00114$:
                                   1345 ;	../../../Libraries/STM8S_StdPeriph_Driver/src/stm8s_uart1.c: 732: enablestatus = (uint8_t)((uint8_t)UART1->CR2 & itmask2);
      0006ED C6 52 35         [ 1] 1346 	ld	a, 0x5235
      0006F0 14 03            [ 1] 1347 	and	a, (0x03, sp)
      0006F2 97               [ 1] 1348 	ld	xl, a
                                   1349 ;	../../../Libraries/STM8S_StdPeriph_Driver/src/stm8s_uart1.c: 734: if (((UART1->SR & itpos) != (uint8_t)0x00) && enablestatus)
      0006F3 C6 52 30         [ 1] 1350 	ld	a, 0x5230
      0006F6 14 04            [ 1] 1351 	and	a, (0x04, sp)
      0006F8 27 07            [ 1] 1352 	jreq	00110$
      0006FA 9F               [ 1] 1353 	ld	a, xl
      0006FB 4D               [ 1] 1354 	tnz	a
      0006FC 27 03            [ 1] 1355 	jreq	00110$
                                   1356 ;	../../../Libraries/STM8S_StdPeriph_Driver/src/stm8s_uart1.c: 737: pendingbitstatus = SET;
      0006FE A6 01            [ 1] 1357 	ld	a, #0x01
                                   1358 ;	../../../Libraries/STM8S_StdPeriph_Driver/src/stm8s_uart1.c: 742: pendingbitstatus = RESET;
      000700 21                    1359 	.byte 0x21
      000701                       1360 00110$:
      000701 4F               [ 1] 1361 	clr	a
      000702                       1362 00118$:
                                   1363 ;	../../../Libraries/STM8S_StdPeriph_Driver/src/stm8s_uart1.c: 747: return  pendingbitstatus;
                                   1364 ;	../../../Libraries/STM8S_StdPeriph_Driver/src/stm8s_uart1.c: 748: }
      000702 5B 04            [ 2] 1365 	addw	sp, #4
      000704 81               [ 4] 1366 	ret
                                   1367 ;	../../../Libraries/STM8S_StdPeriph_Driver/src/stm8s_uart1.c: 775: void UART1_ClearITPendingBit(UART1_IT_TypeDef UART1_IT)
                                   1368 ;	-----------------------------------------
                                   1369 ;	 function UART1_ClearITPendingBit
                                   1370 ;	-----------------------------------------
      000705                       1371 _UART1_ClearITPendingBit:
                                   1372 ;	../../../Libraries/STM8S_StdPeriph_Driver/src/stm8s_uart1.c: 777: assert_param(IS_UART1_CLEAR_IT_OK(UART1_IT));
      000705 1E 03            [ 2] 1373 	ldw	x, (0x03, sp)
      000707 A3 02 55         [ 2] 1374 	cpw	x, #0x0255
      00070A 26 03            [ 1] 1375 	jrne	00127$
      00070C A6 01            [ 1] 1376 	ld	a, #0x01
      00070E 21                    1377 	.byte 0x21
      00070F                       1378 00127$:
      00070F 4F               [ 1] 1379 	clr	a
      000710                       1380 00128$:
      000710 4D               [ 1] 1381 	tnz	a
      000711 26 18            [ 1] 1382 	jrne	00107$
      000713 1E 03            [ 2] 1383 	ldw	x, (0x03, sp)
      000715 A3 03 46         [ 2] 1384 	cpw	x, #0x0346
      000718 27 11            [ 1] 1385 	jreq	00107$
      00071A 88               [ 1] 1386 	push	a
      00071B 4B 09            [ 1] 1387 	push	#0x09
      00071D 4B 03            [ 1] 1388 	push	#0x03
      00071F 5F               [ 1] 1389 	clrw	x
      000720 89               [ 2] 1390 	pushw	x
      000721 4Br00            [ 1] 1391 	push	#<___str_0
      000723 4Bs00            [ 1] 1392 	push	#(___str_0 >> 8)
      000725 CDr00r00         [ 4] 1393 	call	_assert_failed
      000728 5B 06            [ 2] 1394 	addw	sp, #6
      00072A 84               [ 1] 1395 	pop	a
      00072B                       1396 00107$:
                                   1397 ;	../../../Libraries/STM8S_StdPeriph_Driver/src/stm8s_uart1.c: 780: if (UART1_IT == UART1_IT_RXNE)
      00072B 4D               [ 1] 1398 	tnz	a
      00072C 27 05            [ 1] 1399 	jreq	00102$
                                   1400 ;	../../../Libraries/STM8S_StdPeriph_Driver/src/stm8s_uart1.c: 782: UART1->SR = (uint8_t)~(UART1_SR_RXNE);
      00072E 35 DF 52 30      [ 1] 1401 	mov	0x5230+0, #0xdf
      000732 81               [ 4] 1402 	ret
      000733                       1403 00102$:
                                   1404 ;	../../../Libraries/STM8S_StdPeriph_Driver/src/stm8s_uart1.c: 787: UART1->CR4 &= (uint8_t)~(UART1_CR4_LBDF);
      000733 72 19 52 37      [ 1] 1405 	bres	21047, #4
                                   1406 ;	../../../Libraries/STM8S_StdPeriph_Driver/src/stm8s_uart1.c: 789: }
      000737 81               [ 4] 1407 	ret
                                   1408 	.area CODE
                                   1409 	.area CONST
      000000                       1410 ___str_0:
      000000 2E 2E 2F 2E 2E 2F 2E  1411 	.ascii "../../../Libraries/STM8S_StdPeriph_Driver/src/stm8s_uart1.c"
             2E 2F 4C 69 62 72 61
             72 69 65 73 2F 53 54
             4D 38 53 5F 53 74 64
             50 65 72 69 70 68 5F
             44 72 69 76 65 72 2F
             73 72 63 2F 73 74 6D
             38 73 5F 75 61 72 74
             31 2E 63
      00003B 00                    1412 	.db 0x00
                                   1413 	.area INITIALIZER
                                   1414 	.area CABS (ABS)
