                                      1 ;--------------------------------------------------------
                                      2 ; File Created by SDCC : free open source ANSI-C Compiler
                                      3 ; Version 3.8.0 #10562 (Linux)
                                      4 ;--------------------------------------------------------
                                      5 	.module stm8s_it
                                      6 	.optsdcc -mstm8
                                      7 	
                                      8 ;--------------------------------------------------------
                                      9 ; Public variables in this module
                                     10 ;--------------------------------------------------------
                                     11 	.globl _TIM4_ClearITPendingBit
                                     12 	.globl _TRAP_IRQHandler
                                     13 	.globl _TLI_IRQHandler
                                     14 	.globl _AWU_IRQHandler
                                     15 	.globl _CLK_IRQHandler
                                     16 	.globl _EXTI_PORTA_IRQHandler
                                     17 	.globl _EXTI_PORTB_IRQHandler
                                     18 	.globl _EXTI_PORTC_IRQHandler
                                     19 	.globl _EXTI_PORTD_IRQHandler
                                     20 	.globl _EXTI_PORTE_IRQHandler
                                     21 	.globl _SPI_IRQHandler
                                     22 	.globl _TIM1_UPD_OVF_TRG_BRK_IRQHandler
                                     23 	.globl _TIM1_CAP_COM_IRQHandler
                                     24 	.globl _TIM2_UPD_OVF_BRK_IRQHandler
                                     25 	.globl _TIM2_CAP_COM_IRQHandler
                                     26 	.globl _UART1_TX_IRQHandler
                                     27 	.globl _UART1_RX_IRQHandler
                                     28 	.globl _I2C_IRQHandler
                                     29 	.globl _ADC1_IRQHandler
                                     30 	.globl _TIM4_UPD_OVF_IRQHandler
                                     31 	.globl _EEPROM_EEC_IRQHandler
                                     32 ;--------------------------------------------------------
                                     33 ; ram data
                                     34 ;--------------------------------------------------------
                                     35 	.area DATA
                                     36 ;--------------------------------------------------------
                                     37 ; ram data
                                     38 ;--------------------------------------------------------
                                     39 	.area INITIALIZED
                                     40 ;--------------------------------------------------------
                                     41 ; absolute external ram data
                                     42 ;--------------------------------------------------------
                                     43 	.area DABS (ABS)
                                     44 
                                     45 ; default segment ordering for linker
                                     46 	.area HOME
                                     47 	.area GSINIT
                                     48 	.area GSFINAL
                                     49 	.area CONST
                                     50 	.area INITIALIZER
                                     51 	.area CODE
                                     52 
                                     53 ;--------------------------------------------------------
                                     54 ; global & static initialisations
                                     55 ;--------------------------------------------------------
                                     56 	.area HOME
                                     57 	.area GSINIT
                                     58 	.area GSFINAL
                                     59 	.area GSINIT
                                     60 ;--------------------------------------------------------
                                     61 ; Home
                                     62 ;--------------------------------------------------------
                                     63 	.area HOME
                                     64 	.area HOME
                                     65 ;--------------------------------------------------------
                                     66 ; code
                                     67 ;--------------------------------------------------------
                                     68 	.area CODE
                                     69 ;	../stm8s_it.c: 72: INTERRUPT_HANDLER_TRAP(TRAP_IRQHandler)
                                     70 ;	-----------------------------------------
                                     71 ;	 function TRAP_IRQHandler
                                     72 ;	-----------------------------------------
      000000                         73 _TRAP_IRQHandler:
                                     74 ;	../stm8s_it.c: 77: }
      000000 80               [11]   75 	iret
                                     76 ;	../stm8s_it.c: 85: INTERRUPT_HANDLER(TLI_IRQHandler, 0)
                                     77 ;	-----------------------------------------
                                     78 ;	 function TLI_IRQHandler
                                     79 ;	-----------------------------------------
      000001                         80 _TLI_IRQHandler:
                                     81 ;	../stm8s_it.c: 91: }
      000001 80               [11]   82 	iret
                                     83 ;	../stm8s_it.c: 98: INTERRUPT_HANDLER(AWU_IRQHandler, 1)
                                     84 ;	-----------------------------------------
                                     85 ;	 function AWU_IRQHandler
                                     86 ;	-----------------------------------------
      000002                         87 _AWU_IRQHandler:
                                     88 ;	../stm8s_it.c: 103: }
      000002 80               [11]   89 	iret
                                     90 ;	../stm8s_it.c: 110: INTERRUPT_HANDLER(CLK_IRQHandler, 2)
                                     91 ;	-----------------------------------------
                                     92 ;	 function CLK_IRQHandler
                                     93 ;	-----------------------------------------
      000003                         94 _CLK_IRQHandler:
                                     95 ;	../stm8s_it.c: 115: }
      000003 80               [11]   96 	iret
                                     97 ;	../stm8s_it.c: 122: INTERRUPT_HANDLER(EXTI_PORTA_IRQHandler, 3)
                                     98 ;	-----------------------------------------
                                     99 ;	 function EXTI_PORTA_IRQHandler
                                    100 ;	-----------------------------------------
      000004                        101 _EXTI_PORTA_IRQHandler:
                                    102 ;	../stm8s_it.c: 127: }
      000004 80               [11]  103 	iret
                                    104 ;	../stm8s_it.c: 134: INTERRUPT_HANDLER(EXTI_PORTB_IRQHandler, 4)
                                    105 ;	-----------------------------------------
                                    106 ;	 function EXTI_PORTB_IRQHandler
                                    107 ;	-----------------------------------------
      000005                        108 _EXTI_PORTB_IRQHandler:
                                    109 ;	../stm8s_it.c: 139: }
      000005 80               [11]  110 	iret
                                    111 ;	../stm8s_it.c: 146: INTERRUPT_HANDLER(EXTI_PORTC_IRQHandler, 5)
                                    112 ;	-----------------------------------------
                                    113 ;	 function EXTI_PORTC_IRQHandler
                                    114 ;	-----------------------------------------
      000006                        115 _EXTI_PORTC_IRQHandler:
                                    116 ;	../stm8s_it.c: 151: }
      000006 80               [11]  117 	iret
                                    118 ;	../stm8s_it.c: 158: INTERRUPT_HANDLER(EXTI_PORTD_IRQHandler, 6)
                                    119 ;	-----------------------------------------
                                    120 ;	 function EXTI_PORTD_IRQHandler
                                    121 ;	-----------------------------------------
      000007                        122 _EXTI_PORTD_IRQHandler:
                                    123 ;	../stm8s_it.c: 163: }
      000007 80               [11]  124 	iret
                                    125 ;	../stm8s_it.c: 170: INTERRUPT_HANDLER(EXTI_PORTE_IRQHandler, 7)
                                    126 ;	-----------------------------------------
                                    127 ;	 function EXTI_PORTE_IRQHandler
                                    128 ;	-----------------------------------------
      000008                        129 _EXTI_PORTE_IRQHandler:
                                    130 ;	../stm8s_it.c: 175: }
      000008 80               [11]  131 	iret
                                    132 ;	../stm8s_it.c: 222: INTERRUPT_HANDLER(SPI_IRQHandler, 10)
                                    133 ;	-----------------------------------------
                                    134 ;	 function SPI_IRQHandler
                                    135 ;	-----------------------------------------
      000009                        136 _SPI_IRQHandler:
                                    137 ;	../stm8s_it.c: 227: }
      000009 80               [11]  138 	iret
                                    139 ;	../stm8s_it.c: 234: INTERRUPT_HANDLER(TIM1_UPD_OVF_TRG_BRK_IRQHandler, 11)
                                    140 ;	-----------------------------------------
                                    141 ;	 function TIM1_UPD_OVF_TRG_BRK_IRQHandler
                                    142 ;	-----------------------------------------
      00000A                        143 _TIM1_UPD_OVF_TRG_BRK_IRQHandler:
                                    144 ;	../stm8s_it.c: 239: }
      00000A 80               [11]  145 	iret
                                    146 ;	../stm8s_it.c: 246: INTERRUPT_HANDLER(TIM1_CAP_COM_IRQHandler, 12)
                                    147 ;	-----------------------------------------
                                    148 ;	 function TIM1_CAP_COM_IRQHandler
                                    149 ;	-----------------------------------------
      00000B                        150 _TIM1_CAP_COM_IRQHandler:
                                    151 ;	../stm8s_it.c: 251: }
      00000B 80               [11]  152 	iret
                                    153 ;	../stm8s_it.c: 284: INTERRUPT_HANDLER(TIM2_UPD_OVF_BRK_IRQHandler, 13)
                                    154 ;	-----------------------------------------
                                    155 ;	 function TIM2_UPD_OVF_BRK_IRQHandler
                                    156 ;	-----------------------------------------
      00000C                        157 _TIM2_UPD_OVF_BRK_IRQHandler:
                                    158 ;	../stm8s_it.c: 289: }
      00000C 80               [11]  159 	iret
                                    160 ;	../stm8s_it.c: 296: INTERRUPT_HANDLER(TIM2_CAP_COM_IRQHandler, 14)
                                    161 ;	-----------------------------------------
                                    162 ;	 function TIM2_CAP_COM_IRQHandler
                                    163 ;	-----------------------------------------
      00000D                        164 _TIM2_CAP_COM_IRQHandler:
                                    165 ;	../stm8s_it.c: 301: }
      00000D 80               [11]  166 	iret
                                    167 ;	../stm8s_it.c: 338: INTERRUPT_HANDLER(UART1_TX_IRQHandler, 17)
                                    168 ;	-----------------------------------------
                                    169 ;	 function UART1_TX_IRQHandler
                                    170 ;	-----------------------------------------
      00000E                        171 _UART1_TX_IRQHandler:
                                    172 ;	../stm8s_it.c: 343: }
      00000E 80               [11]  173 	iret
                                    174 ;	../stm8s_it.c: 350: INTERRUPT_HANDLER(UART1_RX_IRQHandler, 18)
                                    175 ;	-----------------------------------------
                                    176 ;	 function UART1_RX_IRQHandler
                                    177 ;	-----------------------------------------
      00000F                        178 _UART1_RX_IRQHandler:
                                    179 ;	../stm8s_it.c: 355: }
      00000F 80               [11]  180 	iret
                                    181 ;	../stm8s_it.c: 389: INTERRUPT_HANDLER(I2C_IRQHandler, 19)
                                    182 ;	-----------------------------------------
                                    183 ;	 function I2C_IRQHandler
                                    184 ;	-----------------------------------------
      000010                        185 _I2C_IRQHandler:
                                    186 ;	../stm8s_it.c: 394: }
      000010 80               [11]  187 	iret
                                    188 ;	../stm8s_it.c: 468: INTERRUPT_HANDLER(ADC1_IRQHandler, 22)
                                    189 ;	-----------------------------------------
                                    190 ;	 function ADC1_IRQHandler
                                    191 ;	-----------------------------------------
      000011                        192 _ADC1_IRQHandler:
                                    193 ;	../stm8s_it.c: 473: }
      000011 80               [11]  194 	iret
                                    195 ;	../stm8s_it.c: 494: INTERRUPT_HANDLER(TIM4_UPD_OVF_IRQHandler, 23)
                                    196 ;	-----------------------------------------
                                    197 ;	 function TIM4_UPD_OVF_IRQHandler
                                    198 ;	-----------------------------------------
      000012                        199 _TIM4_UPD_OVF_IRQHandler:
      000012 62               [ 2]  200 	div	x, a
                                    201 ;	../stm8s_it.c: 498: TIM4_ClearITPendingBit(TIM4_IT_UPDATE);
      000013 4B 01            [ 1]  202 	push	#0x01
      000015 CDr00r00         [ 4]  203 	call	_TIM4_ClearITPendingBit
      000018 84               [ 1]  204 	pop	a
                                    205 ;	../stm8s_it.c: 501: g_flag1ms = 1;
      000019 35 01u00u00      [ 1]  206 	mov	_g_flag1ms+0, #0x01
                                    207 ;	../stm8s_it.c: 502: g_count1ms++;
      00001D CEu00u02         [ 2]  208 	ldw	x, _g_count1ms+2
      000020 1C 00 01         [ 2]  209 	addw	x, #0x0001
      000023 C6u00u01         [ 1]  210 	ld	a, _g_count1ms+1
      000026 A9 00            [ 1]  211 	adc	a, #0x00
      000028 90 97            [ 1]  212 	ld	yl, a
      00002A C6u00u00         [ 1]  213 	ld	a, _g_count1ms+0
      00002D A9 00            [ 1]  214 	adc	a, #0x00
      00002F 90 95            [ 1]  215 	ld	yh, a
      000031 CFu00u02         [ 2]  216 	ldw	_g_count1ms+2, x
      000034 90 CFu00u00      [ 2]  217 	ldw	_g_count1ms+0, y
                                    218 ;	../stm8s_it.c: 504: }
      000038 80               [11]  219 	iret
                                    220 ;	../stm8s_it.c: 512: INTERRUPT_HANDLER(EEPROM_EEC_IRQHandler, 24)
                                    221 ;	-----------------------------------------
                                    222 ;	 function EEPROM_EEC_IRQHandler
                                    223 ;	-----------------------------------------
      000039                        224 _EEPROM_EEC_IRQHandler:
                                    225 ;	../stm8s_it.c: 517: }
      000039 80               [11]  226 	iret
                                    227 	.area CODE
                                    228 	.area CONST
                                    229 	.area INITIALIZER
                                    230 	.area CABS (ABS)
